[0.018s] Invoking command in '/home/inauenma/git/mecheye_ros2_interface/build/mecheye_ros_interface': CMAKE_PREFIX_PATH=${CMAKE_PREFIX_PATH}:/home/inauenma/ros2_ws/install/mesh_control_ros:/home/inauenma/moveit_ws/install/moveit_configs_utils:/opt/ros/jazzy DEBUGINFOD_URLS=https://debuginfod.ubuntu.com /usr/bin/cmake /home/inauenma/git/mecheye_ros2_interface -DCMAKE_INSTALL_PREFIX=/home/inauenma/git/mecheye_ros2_interface/install/mecheye_ros_interface
[0.162s] -- The C compiler identification is GNU 13.3.0
[0.657s] -- The CXX compiler identification is GNU 13.3.0
[1.128s] -- Detecting C compiler ABI info
[1.404s] -- Detecting C compiler ABI info - done
[1.411s] -- Check for working C compiler: /usr/bin/cc - skipped
[1.411s] -- Detecting C compile features
[1.411s] -- Detecting C compile features - done
[1.493s] -- Detecting CXX compiler ABI info
[1.817s] -- Detecting CXX compiler ABI info - done
[1.824s] -- Check for working CXX compiler: /usr/bin/c++ - skipped
[1.824s] -- Detecting CXX compile features
[1.824s] -- Detecting CXX compile features - done
[1.836s] -- Found ament_cmake: 2.5.5 (/opt/ros/jazzy/share/ament_cmake/cmake)
[2.082s] -- Found Python3: /usr/bin/python3 (found version "3.12.3") found components: Interpreter 
[2.316s] -- Found Boost: /usr/lib/x86_64-linux-gnu/cmake/Boost-1.83.0/BoostConfig.cmake (found version "1.83.0")  
[2.326s] -- Found cv_bridge: 4.1.0 (/opt/ros/jazzy/share/cv_bridge/cmake)
[2.569s] -- Found rosidl_generator_c: 4.6.7 (/opt/ros/jazzy/share/rosidl_generator_c/cmake)
[2.605s] -- Found rosidl_generator_cpp: 4.6.7 (/opt/ros/jazzy/share/rosidl_generator_cpp/cmake)
[2.644s] -- Using all available rosidl_typesupport_c: rosidl_typesupport_fastrtps_c;rosidl_typesupport_introspection_c
[2.684s] -- Using all available rosidl_typesupport_cpp: rosidl_typesupport_fastrtps_cpp;rosidl_typesupport_introspection_cpp
[2.915s] -- Found rmw_implementation_cmake: 7.3.3 (/opt/ros/jazzy/share/rmw_implementation_cmake/cmake)
[2.927s] -- Found rmw_fastrtps_cpp: 8.4.3 (/opt/ros/jazzy/share/rmw_fastrtps_cpp/cmake)
[3.107s] -- Found OpenSSL: /usr/lib/x86_64-linux-gnu/libcrypto.so (found version "3.0.13")  
[3.272s] -- Found FastRTPS: /opt/ros/jazzy/include (Required is at least version "2.13") 
[3.367s] -- Using RMW implementation 'rmw_fastrtps_cpp' as default
[3.594s] -- Found image_transport: 5.1.7 (/opt/ros/jazzy/share/image_transport/cmake)
[3.659s] -- Found OpenCV: /usr (found version "4.6.0") 
[3.734s] -- Found Boost: /usr/lib/x86_64-linux-gnu/cmake/Boost-1.83.0/BoostConfig.cmake (found suitable version "1.83.0", minimum required is "1.65.0") found components: system filesystem iostreams serialization 
[3.735s] CMake Warning (dev) at /usr/lib/x86_64-linux-gnu/cmake/pcl/Modules/FindFLANN.cmake:45 (find_package):
[3.736s]   Policy CMP0144 is not set: find_package uses upper-case <PACKAGENAME>_ROOT
[3.736s]   variables.  Run "cmake --help-policy CMP0144" for policy details.  Use the
[3.736s]   cmake_policy command to set the policy and suppress this warning.
[3.736s] 
[3.736s]   CMake variable FLANN_ROOT is set to:
[3.736s] 
[3.736s]     /usr
[3.736s] 
[3.737s]   For compatibility, find_package is ignoring the variable, but code in a
[3.737s]   .cmake module might still use it.
[3.737s] Call Stack (most recent call first):
[3.737s]   /usr/lib/x86_64-linux-gnu/cmake/pcl/PCLConfig.cmake:261 (find_package)
[3.737s]   /usr/lib/x86_64-linux-gnu/cmake/pcl/PCLConfig.cmake:306 (find_flann)
[3.737s]   /usr/lib/x86_64-linux-gnu/cmake/pcl/PCLConfig.cmake:570 (find_external_library)
[3.737s]   CMakeLists.txt:19 (find_package)
[3.737s] This warning is for project developers.  Use -Wno-dev to suppress it.
[3.737s] 
[3.737s] -- Found flann version 1.9.2
[4.397s] -- Found OpenMP_CXX: -fopenmp (found version "4.5") 
[4.397s] -- Found OpenMP: TRUE (found version "4.5") found components: CXX 
[4.423s] -- Performing Test CMAKE_HAVE_LIBC_PTHREAD
[4.631s] -- Performing Test CMAKE_HAVE_LIBC_PTHREAD - Success
[4.632s] -- Found Threads: TRUE  
[4.634s] -- Found GLEW: /usr/lib/x86_64-linux-gnu/libGLEW.so  
[4.709s] -- Found OpenGL: /usr/lib/x86_64-linux-gnu/libOpenGL.so  found components: OpenGL GLX 
[5.051s] -- Found MPI_C: /usr/lib/x86_64-linux-gnu/libmpi.so (found version "3.1") 
[5.051s] -- Found MPI: TRUE (found version "3.1") found components: C 
[5.054s] -- Found JsonCpp: /usr/lib/x86_64-linux-gnu/libjsoncpp.so (found suitable version "1.9.5", minimum required is "0.7.0") 
[5.681s] -- Found ZLIB: /usr/lib/x86_64-linux-gnu/libz.so (found version "1.3")  
[6.157s] -- Found PNG: /usr/lib/x86_64-linux-gnu/libpng.so (found version "1.6.43") 
[6.168s] -- Found Eigen3: /usr/include/eigen3 (found version "3.4.0") 
[9.156s] -- Found X11: /usr/include   
[9.156s] -- Looking for XOpenDisplay in /usr/lib/x86_64-linux-gnu/libX11.so;/usr/lib/x86_64-linux-gnu/libXext.so
[9.380s] -- Looking for XOpenDisplay in /usr/lib/x86_64-linux-gnu/libX11.so;/usr/lib/x86_64-linux-gnu/libXext.so - found
[9.380s] -- Looking for gethostbyname
[9.593s] -- Looking for gethostbyname - found
[9.593s] -- Looking for connect
[9.797s] -- Looking for connect - found
[9.798s] -- Looking for remove
[10.007s] -- Looking for remove - found
[10.007s] -- Looking for shmat
[10.213s] -- Looking for shmat - found
[10.213s] -- Looking for IceConnectionNumber in ICE
[10.419s] -- Looking for IceConnectionNumber in ICE - found
[13.137s] -- Found EXPAT: /usr/lib/x86_64-linux-gnu/libexpat.so (found version "2.6.1") 
[13.140s] -- Found double-conversion: /usr/lib/x86_64-linux-gnu/libdouble-conversion.so  
[13.142s] -- Found LZ4: /usr/lib/x86_64-linux-gnu/liblz4.so (found version "1.9.4") 
[13.144s] -- Found LZMA: /usr/lib/x86_64-linux-gnu/liblzma.so (found version "5.4.5") 
[13.293s] -- Found JPEG: /usr/lib/x86_64-linux-gnu/libjpeg.so (found version "80") 
[14.275s] -- Found TIFF: /usr/lib/x86_64-linux-gnu/libtiff.so (found version "4.5.1")  
[14.279s] -- Found Freetype: /usr/lib/x86_64-linux-gnu/libfreetype.so (found version "2.13.2") 
[14.284s] -- Found utf8cpp: /usr/include/utf8cpp  
[14.419s] -- Checking for module 'libusb-1.0'
[14.454s] --   Found libusb-1.0, version 1.0.27
[14.592s] -- Found libusb: /usr/lib/x86_64-linux-gnu/libusb-1.0.so  
[14.592s] -- Found OpenNI: /usr/lib/libOpenNI.so;libusb::libusb (found version "1.5.4.0") 
[14.592s] -- OpenNI found (version: 1.5.4.0, include: /usr/include/ni, lib: /usr/lib/libOpenNI.so;libusb::libusb)
[14.827s] -- Found OpenNI2: /usr/lib/x86_64-linux-gnu/libOpenNI2.so;libusb::libusb (found version "2.2.0.33") 
[14.828s] -- OpenNI2 found (version: 2.2.0.33, include: /usr/include/openni2, lib: /usr/lib/x86_64-linux-gnu/libOpenNI2.so;libusb::libusb)
[14.933s] -- Could NOT find Pcap (missing: PCAP_LIBRARIES PCAP_INCLUDE_DIRS) 
[14.933s] ** WARNING ** io features related to pcap will be disabled
[23.916s] -- OpenNI found (version: 1.5.4.0, include: /usr/include/ni, lib: /usr/lib/libOpenNI.so;libusb::libusb)
[23.924s] -- OpenNI2 found (version: 2.2.0.33, include: /usr/include/openni2, lib: /usr/lib/x86_64-linux-gnu/libOpenNI2.so;libusb::libusb)
[31.463s] -- Found Qhull version 8.0.2
[39.109s] -- OpenNI found (version: 1.5.4.0, include: /usr/include/ni, lib: /usr/lib/libOpenNI.so;libusb::libusb)
[47.100s] -- looking for PCL_COMMON
[47.101s] -- Found PCL_COMMON: /usr/lib/x86_64-linux-gnu/libpcl_common.so  
[47.101s] -- looking for PCL_KDTREE
[47.102s] -- Found PCL_KDTREE: /usr/lib/x86_64-linux-gnu/libpcl_kdtree.so  
[47.102s] -- looking for PCL_OCTREE
[47.103s] -- Found PCL_OCTREE: /usr/lib/x86_64-linux-gnu/libpcl_octree.so  
[47.103s] -- looking for PCL_SEARCH
[47.104s] -- Found PCL_SEARCH: /usr/lib/x86_64-linux-gnu/libpcl_search.so  
[47.104s] -- looking for PCL_SAMPLE_CONSENSUS
[47.105s] -- Found PCL_SAMPLE_CONSENSUS: /usr/lib/x86_64-linux-gnu/libpcl_sample_consensus.so  
[47.105s] -- looking for PCL_FILTERS
[47.106s] -- Found PCL_FILTERS: /usr/lib/x86_64-linux-gnu/libpcl_filters.so  
[47.106s] -- looking for PCL_2D
[47.106s] -- Found PCL_2D: /usr/include/pcl-1.14  
[47.107s] -- looking for PCL_GEOMETRY
[47.107s] -- Found PCL_GEOMETRY: /usr/include/pcl-1.14  
[47.107s] -- looking for PCL_IO
[47.109s] -- Found PCL_IO: /usr/lib/x86_64-linux-gnu/libpcl_io.so  
[47.109s] -- looking for PCL_FEATURES
[47.110s] -- Found PCL_FEATURES: /usr/lib/x86_64-linux-gnu/libpcl_features.so  
[47.110s] -- looking for PCL_ML
[47.111s] -- Found PCL_ML: /usr/lib/x86_64-linux-gnu/libpcl_ml.so  
[47.111s] -- looking for PCL_SEGMENTATION
[47.112s] -- Found PCL_SEGMENTATION: /usr/lib/x86_64-linux-gnu/libpcl_segmentation.so  
[47.112s] -- looking for PCL_VISUALIZATION
[47.113s] -- Found PCL_VISUALIZATION: /usr/lib/x86_64-linux-gnu/libpcl_visualization.so  
[47.113s] -- looking for PCL_SURFACE
[47.114s] -- Found PCL_SURFACE: /usr/lib/x86_64-linux-gnu/libpcl_surface.so  
[47.114s] -- looking for PCL_REGISTRATION
[47.115s] -- Found PCL_REGISTRATION: /usr/lib/x86_64-linux-gnu/libpcl_registration.so  
[47.115s] -- looking for PCL_KEYPOINTS
[47.117s] -- Found PCL_KEYPOINTS: /usr/lib/x86_64-linux-gnu/libpcl_keypoints.so  
[47.117s] -- looking for PCL_TRACKING
[47.118s] -- Found PCL_TRACKING: /usr/lib/x86_64-linux-gnu/libpcl_tracking.so  
[47.118s] -- looking for PCL_RECOGNITION
[47.119s] -- Found PCL_RECOGNITION: /usr/lib/x86_64-linux-gnu/libpcl_recognition.so  
[47.119s] -- looking for PCL_STEREO
[47.120s] -- Found PCL_STEREO: /usr/lib/x86_64-linux-gnu/libpcl_stereo.so  
[47.120s] -- looking for PCL_APPS
[47.121s] -- Found PCL_APPS: /usr/lib/x86_64-linux-gnu/libpcl_apps.so  
[47.121s] -- looking for PCL_IN_HAND_SCANNER
[47.122s] -- Found PCL_IN_HAND_SCANNER: /usr/include/pcl-1.14  
[47.122s] -- looking for PCL_MODELER
[47.122s] -- Found PCL_MODELER: /usr/include/pcl-1.14  
[47.123s] -- looking for PCL_POINT_CLOUD_EDITOR
[47.123s] -- Found PCL_POINT_CLOUD_EDITOR: /usr/include/pcl-1.14  
[47.123s] -- looking for PCL_OUTOFCORE
[47.124s] -- Found PCL_OUTOFCORE: /usr/lib/x86_64-linux-gnu/libpcl_outofcore.so  
[47.124s] -- looking for PCL_PEOPLE
[47.125s] -- Found PCL_PEOPLE: /usr/lib/x86_64-linux-gnu/libpcl_people.so  
[47.126s] -- Found PCL: pcl_common;pcl_kdtree;pcl_octree;pcl_search;pcl_sample_consensus;pcl_filters;pcl_io;pcl_features;pcl_ml;pcl_segmentation;pcl_visualization;pcl_surface;pcl_registration;pcl_keypoints;pcl_tracking;pcl_recognition;pcl_stereo;pcl_apps;pcl_outofcore;pcl_people;Boost::system;Boost::filesystem;Boost::iostreams;Boost::serialization;/usr/lib/libOpenNI.so;libusb::libusb;/usr/lib/x86_64-linux-gnu/libOpenNI2.so;libusb::libusb;VTK::ChartsCore;VTK::CommonColor;VTK::CommonComputationalGeometry;VTK::CommonCore;VTK::CommonDataModel;VTK::CommonExecutionModel;VTK::CommonMath;VTK::CommonMisc;VTK::CommonTransforms;VTK::FiltersCore;VTK::FiltersExtraction;VTK::FiltersGeneral;VTK::FiltersGeometry;VTK::FiltersModeling;VTK::FiltersSources;VTK::ImagingCore;VTK::ImagingSources;VTK::InteractionImage;VTK::InteractionStyle;VTK::InteractionWidgets;VTK::IOCore;VTK::IOGeometry;VTK::IOImage;VTK::IOLegacy;VTK::IOPLY;VTK::RenderingAnnotation;VTK::RenderingCore;VTK::RenderingContext2D;VTK::RenderingLOD;VTK::RenderingFreeType;VTK::ViewsCore;VTK::ViewsContext2D;VTK::RenderingOpenGL2;VTK::RenderingContextOpenGL2;VTK::GUISupportQt;FLANN::FLANN;QHULL::QHULL  
[47.137s] -- Found pcl_conversions: 2.6.2 (/opt/ros/jazzy/share/pcl_conversions/cmake)
[47.183s] -- Found rosidl_default_generators: 1.6.0 (/opt/ros/jazzy/share/rosidl_default_generators/cmake)
[47.237s] -- Found rosidl_adapter: 4.6.7 (/opt/ros/jazzy/share/rosidl_adapter/cmake)
[47.249s] -- Found tf2: 0.36.19 (/opt/ros/jazzy/share/tf2/cmake)
[48.083s] -- Found ament_cmake_ros: 0.12.0 (/opt/ros/jazzy/share/ament_cmake_ros/cmake)
[49.120s] -- Using all available rosidl_typesupport_c: rosidl_typesupport_fastrtps_c;rosidl_typesupport_introspection_c
[49.520s] -- Using all available rosidl_typesupport_cpp: rosidl_typesupport_fastrtps_cpp;rosidl_typesupport_introspection_cpp
[49.531s] -- Found python_cmake_module: 0.11.1 (/opt/ros/jazzy/share/python_cmake_module/cmake)
[49.690s] -- Found PythonExtra: /usr/bin/python3  
[50.199s] -- Found Python3: /usr/bin/python3 (found version "3.12.3") found components: Interpreter Development NumPy Development.Module Development.Embed 
[50.310s] CMake Error at CMakeLists.txt:90 (target_link_libraries):
[50.311s]   The plain signature for target_link_libraries has already been used with
[50.311s]   the target "start".  All uses of target_link_libraries with a target must
[50.311s]   be either all-keyword or all-plain.
[50.311s] 
[50.311s]   The uses of the plain signature are here:
[50.311s] 
[50.311s]    * /opt/ros/jazzy/share/ament_cmake_target_dependencies/cmake/ament_target_dependencies.cmake:146 (target_link_libraries)
[50.311s]    * /opt/ros/jazzy/share/ament_cmake_target_dependencies/cmake/ament_target_dependencies.cmake:152 (target_link_libraries)
[50.311s] 
[50.311s] 
[50.312s] 
[50.320s] -- Configuring incomplete, errors occurred!
[50.353s] Invoked command in '/home/inauenma/git/mecheye_ros2_interface/build/mecheye_ros_interface' returned '1': CMAKE_PREFIX_PATH=${CMAKE_PREFIX_PATH}:/home/inauenma/ros2_ws/install/mesh_control_ros:/home/inauenma/moveit_ws/install/moveit_configs_utils:/opt/ros/jazzy DEBUGINFOD_URLS=https://debuginfod.ubuntu.com /usr/bin/cmake /home/inauenma/git/mecheye_ros2_interface -DCMAKE_INSTALL_PREFIX=/home/inauenma/git/mecheye_ros2_interface/install/mecheye_ros_interface
