[0.157s] DEBUG:colcon:Command line arguments: ['/usr/bin/colcon', 'build', '--packages-select', 'mecheye_ros_interface', '--base-paths', '/home/inauenma/git/mecheye_ros2_interface', '--event-handlers', 'console_direct+']
[0.157s] DEBUG:colcon:Parsed command line arguments: Namespace(log_base=None, log_level=None, verb_name='build', build_base='build', install_base='install', merge_install=False, symlink_install=False, test_result_base=None, continue_on_error=False, executor='parallel', parallel_workers=16, event_handlers=['console_direct+'], ignore_user_meta=False, metas=['./colcon.meta'], base_paths=['/home/inauenma/git/mecheye_ros2_interface'], packages_ignore=None, packages_ignore_regex=None, paths=None, packages_up_to=None, packages_up_to_regex=None, packages_above=None, packages_above_and_dependencies=None, packages_above_depth=None, packages_select_by_dep=None, packages_skip_by_dep=None, packages_skip_up_to=None, packages_select_build_failed=False, packages_skip_build_finished=False, packages_select_test_failures=False, packages_skip_test_passed=False, packages_select=['mecheye_ros_interface'], packages_skip=None, packages_select_regex=None, packages_skip_regex=None, packages_start=None, packages_end=None, allow_overriding=[], cmake_args=None, cmake_target=None, cmake_target_skip_unavailable=False, cmake_clean_cache=False, cmake_clean_first=False, cmake_force_configure=False, ament_cmake_args=None, catkin_cmake_args=None, catkin_skip_building_tests=False, mixin_files=None, mixin=None, verb_parser=<colcon_mixin.mixin.mixin_argument.MixinArgumentDecorator object at 0x74559f4089b0>, verb_extension=<colcon_core.verb.build.BuildVerb object at 0x74559ed5c200>, main=<bound method BuildVerb.main of <colcon_core.verb.build.BuildVerb object at 0x74559ed5c200>>, mixin_verb=('build',))
[0.196s] Level 1:colcon.colcon_core.package_discovery:discover_packages(colcon_meta) check parameters
[0.197s] Level 1:colcon.colcon_core.package_discovery:discover_packages(recursive) check parameters
[0.197s] Level 1:colcon.colcon_core.package_discovery:discover_packages(ignore) check parameters
[0.197s] Level 1:colcon.colcon_core.package_discovery:discover_packages(path) check parameters
[0.197s] Level 1:colcon.colcon_core.package_discovery:discover_packages(recursive) discover
[0.197s] INFO:colcon.colcon_core.package_discovery:Crawling recursively for packages in '/home/inauenma/git/mecheye_ros2_interface'
[0.197s] Level 1:colcon.colcon_core.package_identification:_identify(/home/inauenma/git/mecheye_ros2_interface) by extensions ['ignore', 'ignore_ament_install']
[0.197s] Level 1:colcon.colcon_core.package_identification:_identify(/home/inauenma/git/mecheye_ros2_interface) by extension 'ignore'
[0.197s] Level 1:colcon.colcon_core.package_identification:_identify(/home/inauenma/git/mecheye_ros2_interface) by extension 'ignore_ament_install'
[0.197s] Level 1:colcon.colcon_core.package_identification:_identify(/home/inauenma/git/mecheye_ros2_interface) by extensions ['colcon_pkg']
[0.197s] Level 1:colcon.colcon_core.package_identification:_identify(/home/inauenma/git/mecheye_ros2_interface) by extension 'colcon_pkg'
[0.197s] Level 1:colcon.colcon_core.package_identification:_identify(/home/inauenma/git/mecheye_ros2_interface) by extensions ['colcon_meta']
[0.197s] Level 1:colcon.colcon_core.package_identification:_identify(/home/inauenma/git/mecheye_ros2_interface) by extension 'colcon_meta'
[0.197s] Level 1:colcon.colcon_core.package_identification:_identify(/home/inauenma/git/mecheye_ros2_interface) by extensions ['ros']
[0.197s] Level 1:colcon.colcon_core.package_identification:_identify(/home/inauenma/git/mecheye_ros2_interface) by extension 'ros'
[0.222s] DEBUG:colcon.colcon_core.package_identification:Package '/home/inauenma/git/mecheye_ros2_interface' with type 'ros.ament_cmake' and name 'mecheye_ros_interface'
[0.223s] Level 1:colcon.colcon_core.package_discovery:discover_packages(recursive) using defaults
[0.238s] Level 1:colcon.colcon_core.package_discovery:discover_packages(prefix_path) check parameters
[0.238s] Level 1:colcon.colcon_core.package_discovery:discover_packages(prefix_path) discover
[0.242s] DEBUG:colcon.colcon_installed_package_information.package_discovery:Found 15 installed packages in /home/inauenma/ros2_ws/install
[0.244s] DEBUG:colcon.colcon_installed_package_information.package_discovery:Found 55 installed packages in /home/inauenma/moveit_ws/install
[0.246s] DEBUG:colcon.colcon_installed_package_information.package_discovery:Found 422 installed packages in /opt/ros/jazzy
[0.249s] Level 1:colcon.colcon_core.package_discovery:discover_packages(prefix_path) using defaults
[0.296s] Level 5:colcon.colcon_core.verb:set package 'mecheye_ros_interface' build argument 'cmake_args' from command line to 'None'
[0.296s] Level 5:colcon.colcon_core.verb:set package 'mecheye_ros_interface' build argument 'cmake_target' from command line to 'None'
[0.296s] Level 5:colcon.colcon_core.verb:set package 'mecheye_ros_interface' build argument 'cmake_target_skip_unavailable' from command line to 'False'
[0.296s] Level 5:colcon.colcon_core.verb:set package 'mecheye_ros_interface' build argument 'cmake_clean_cache' from command line to 'False'
[0.296s] Level 5:colcon.colcon_core.verb:set package 'mecheye_ros_interface' build argument 'cmake_clean_first' from command line to 'False'
[0.296s] Level 5:colcon.colcon_core.verb:set package 'mecheye_ros_interface' build argument 'cmake_force_configure' from command line to 'False'
[0.296s] Level 5:colcon.colcon_core.verb:set package 'mecheye_ros_interface' build argument 'ament_cmake_args' from command line to 'None'
[0.296s] Level 5:colcon.colcon_core.verb:set package 'mecheye_ros_interface' build argument 'catkin_cmake_args' from command line to 'None'
[0.296s] Level 5:colcon.colcon_core.verb:set package 'mecheye_ros_interface' build argument 'catkin_skip_building_tests' from command line to 'False'
[0.296s] DEBUG:colcon.colcon_core.verb:Building package 'mecheye_ros_interface' with the following arguments: {'ament_cmake_args': None, 'build_base': '/home/inauenma/git/mecheye_ros2_interface/build/mecheye_ros_interface', 'catkin_cmake_args': None, 'catkin_skip_building_tests': False, 'cmake_args': None, 'cmake_clean_cache': False, 'cmake_clean_first': False, 'cmake_force_configure': False, 'cmake_target': None, 'cmake_target_skip_unavailable': False, 'install_base': '/home/inauenma/git/mecheye_ros2_interface/install/mecheye_ros_interface', 'merge_install': False, 'path': '/home/inauenma/git/mecheye_ros2_interface', 'symlink_install': False, 'test_result_base': None}
[0.297s] INFO:colcon.colcon_core.executor:Executing jobs using 'parallel' executor
[0.298s] DEBUG:colcon.colcon_parallel_executor.executor.parallel:run_until_complete
[0.298s] INFO:colcon.colcon_ros.task.ament_cmake.build:Building ROS package in '/home/inauenma/git/mecheye_ros2_interface' with build type 'ament_cmake'
[0.298s] INFO:colcon.colcon_cmake.task.cmake.build:Building CMake package in '/home/inauenma/git/mecheye_ros2_interface'
[0.300s] INFO:colcon.colcon_core.plugin_system:Skipping extension 'colcon_core.shell.bat': Not used on non-Windows systems
[0.300s] INFO:colcon.colcon_core.shell:Skip shell extension 'powershell' for command environment: Not usable outside of PowerShell
[0.300s] DEBUG:colcon.colcon_core.shell:Skip shell extension 'dsv' for command environment
[0.316s] DEBUG:colcon.colcon_core.event_handler.log_command:Invoking command in '/home/inauenma/git/mecheye_ros2_interface/build/mecheye_ros_interface': CMAKE_PREFIX_PATH=${CMAKE_PREFIX_PATH}:/home/inauenma/ros2_ws/install/mesh_control_ros:/home/inauenma/moveit_ws/install/moveit_configs_utils:/opt/ros/jazzy DEBUGINFOD_URLS=https://debuginfod.ubuntu.com /usr/bin/cmake /home/inauenma/git/mecheye_ros2_interface -DCMAKE_INSTALL_PREFIX=/home/inauenma/git/mecheye_ros2_interface/install/mecheye_ros_interface
[50.652s] DEBUG:colcon.colcon_core.event_handler.log_command:Invoked command in '/home/inauenma/git/mecheye_ros2_interface/build/mecheye_ros_interface' returned '1': CMAKE_PREFIX_PATH=${CMAKE_PREFIX_PATH}:/home/inauenma/ros2_ws/install/mesh_control_ros:/home/inauenma/moveit_ws/install/moveit_configs_utils:/opt/ros/jazzy DEBUGINFOD_URLS=https://debuginfod.ubuntu.com /usr/bin/cmake /home/inauenma/git/mecheye_ros2_interface -DCMAKE_INSTALL_PREFIX=/home/inauenma/git/mecheye_ros2_interface/install/mecheye_ros_interface
[50.677s] Level 1:colcon.colcon_core.environment:create_environment_scripts_only(mecheye_ros_interface)
[50.680s] Level 1:colcon.colcon_core.environment:checking '/home/inauenma/git/mecheye_ros2_interface/install/mecheye_ros_interface' for CMake module files
[50.680s] Level 1:colcon.colcon_core.environment:checking '/home/inauenma/git/mecheye_ros2_interface/install/mecheye_ros_interface' for CMake config files
[50.680s] Level 1:colcon.colcon_core.environment:checking '/home/inauenma/git/mecheye_ros2_interface/install/mecheye_ros_interface/bin'
[50.681s] Level 1:colcon.colcon_core.environment:checking '/home/inauenma/git/mecheye_ros2_interface/install/mecheye_ros_interface/lib/pkgconfig/mecheye_ros_interface.pc'
[50.681s] Level 1:colcon.colcon_core.environment:checking '/home/inauenma/git/mecheye_ros2_interface/install/mecheye_ros_interface/lib/python3.12/site-packages'
[50.681s] Level 1:colcon.colcon_core.environment:checking '/home/inauenma/git/mecheye_ros2_interface/install/mecheye_ros_interface/bin'
[50.681s] INFO:colcon.colcon_core.shell:Creating package script '/home/inauenma/git/mecheye_ros2_interface/install/mecheye_ros_interface/share/mecheye_ros_interface/package.ps1'
[50.684s] INFO:colcon.colcon_core.shell:Creating package descriptor '/home/inauenma/git/mecheye_ros2_interface/install/mecheye_ros_interface/share/mecheye_ros_interface/package.dsv'
[50.685s] INFO:colcon.colcon_core.shell:Creating package script '/home/inauenma/git/mecheye_ros2_interface/install/mecheye_ros_interface/share/mecheye_ros_interface/package.sh'
[50.685s] INFO:colcon.colcon_core.shell:Creating package script '/home/inauenma/git/mecheye_ros2_interface/install/mecheye_ros_interface/share/mecheye_ros_interface/package.bash'
[50.686s] INFO:colcon.colcon_core.shell:Creating package script '/home/inauenma/git/mecheye_ros2_interface/install/mecheye_ros_interface/share/mecheye_ros_interface/package.zsh'
[50.686s] Level 1:colcon.colcon_core.environment:create_file_with_runtime_dependencies(/home/inauenma/git/mecheye_ros2_interface/install/mecheye_ros_interface/share/colcon-core/packages/mecheye_ros_interface)
[50.697s] DEBUG:colcon.colcon_parallel_executor.executor.parallel:closing loop
[50.698s] DEBUG:colcon.colcon_parallel_executor.executor.parallel:loop closed
[50.698s] DEBUG:colcon.colcon_parallel_executor.executor.parallel:run_until_complete finished with '1'
[50.698s] DEBUG:colcon.colcon_core.event_reactor:joining thread
[50.739s] INFO:colcon.colcon_core.plugin_system:Skipping extension 'colcon_notification.desktop_notification.notify_send': Could not find 'notify-send'
[50.739s] INFO:colcon.colcon_core.plugin_system:Skipping extension 'colcon_notification.desktop_notification.terminal_notifier': Not used on non-Darwin systems
[50.739s] INFO:colcon.colcon_core.plugin_system:Skipping extension 'colcon_notification.desktop_notification.win32': Not used on non-Windows systems
[50.739s] INFO:colcon.colcon_notification.desktop_notification:Sending desktop notification using 'notify2'
[50.741s] DEBUG:colcon.colcon_notification.desktop_notification.notify2:Failed to initialize notify2: org.freedesktop.DBus.Error.ServiceUnknown: The name org.freedesktop.Notifications was not provided by any .service files
[50.741s] DEBUG:colcon.colcon_core.event_reactor:joined thread
[50.742s] INFO:colcon.colcon_core.shell:Creating prefix script '/home/inauenma/git/mecheye_ros2_interface/install/local_setup.ps1'
[50.742s] INFO:colcon.colcon_core.shell:Creating prefix util module '/home/inauenma/git/mecheye_ros2_interface/install/_local_setup_util_ps1.py'
[50.743s] INFO:colcon.colcon_core.shell:Creating prefix chain script '/home/inauenma/git/mecheye_ros2_interface/install/setup.ps1'
[50.746s] INFO:colcon.colcon_core.shell:Creating prefix script '/home/inauenma/git/mecheye_ros2_interface/install/local_setup.sh'
[50.747s] INFO:colcon.colcon_core.shell:Creating prefix util module '/home/inauenma/git/mecheye_ros2_interface/install/_local_setup_util_sh.py'
[50.747s] INFO:colcon.colcon_core.shell:Creating prefix chain script '/home/inauenma/git/mecheye_ros2_interface/install/setup.sh'
[50.750s] INFO:colcon.colcon_core.shell:Creating prefix script '/home/inauenma/git/mecheye_ros2_interface/install/local_setup.bash'
[50.750s] INFO:colcon.colcon_core.shell:Creating prefix chain script '/home/inauenma/git/mecheye_ros2_interface/install/setup.bash'
[50.768s] INFO:colcon.colcon_core.shell:Creating prefix script '/home/inauenma/git/mecheye_ros2_interface/install/local_setup.zsh'
[50.768s] INFO:colcon.colcon_core.shell:Creating prefix chain script '/home/inauenma/git/mecheye_ros2_interface/install/setup.zsh'
