[0.145s] DEBUG:colcon:Command line arguments: ['/usr/bin/colcon', 'build', '--packages-select', 'mecheye_ros_interface', '--base-paths', '/home/inauenma/git/mecheye_ros2_interface']
[0.145s] DEBUG:colcon:Parsed command line arguments: Namespace(log_base=None, log_level=None, verb_name='build', build_base='build', install_base='install', merge_install=False, symlink_install=False, test_result_base=None, continue_on_error=False, executor='parallel', parallel_workers=16, event_handlers=None, ignore_user_meta=False, metas=['./colcon.meta'], base_paths=['/home/inauenma/git/mecheye_ros2_interface'], packages_ignore=None, packages_ignore_regex=None, paths=None, packages_up_to=None, packages_up_to_regex=None, packages_above=None, packages_above_and_dependencies=None, packages_above_depth=None, packages_select_by_dep=None, packages_skip_by_dep=None, packages_skip_up_to=None, packages_select_build_failed=False, packages_skip_build_finished=False, packages_select_test_failures=False, packages_skip_test_passed=False, packages_select=['mecheye_ros_interface'], packages_skip=None, packages_select_regex=None, packages_skip_regex=None, packages_start=None, packages_end=None, allow_overriding=[], cmake_args=None, cmake_target=None, cmake_target_skip_unavailable=False, cmake_clean_cache=False, cmake_clean_first=False, cmake_force_configure=False, ament_cmake_args=None, catkin_cmake_args=None, catkin_skip_building_tests=False, mixin_files=None, mixin=None, verb_parser=<colcon_mixin.mixin.mixin_argument.MixinArgumentDecorator object at 0x765cd75a57c0>, verb_extension=<colcon_core.verb.build.BuildVerb object at 0x765cd7550410>, main=<bound method BuildVerb.main of <colcon_core.verb.build.BuildVerb object at 0x765cd7550410>>, mixin_verb=('build',))
[0.176s] Level 1:colcon.colcon_core.package_discovery:discover_packages(colcon_meta) check parameters
[0.177s] Level 1:colcon.colcon_core.package_discovery:discover_packages(recursive) check parameters
[0.177s] Level 1:colcon.colcon_core.package_discovery:discover_packages(ignore) check parameters
[0.177s] Level 1:colcon.colcon_core.package_discovery:discover_packages(path) check parameters
[0.177s] Level 1:colcon.colcon_core.package_discovery:discover_packages(recursive) discover
[0.177s] INFO:colcon.colcon_core.package_discovery:Crawling recursively for packages in '/home/inauenma/git/mecheye_ros2_interface'
[0.177s] Level 1:colcon.colcon_core.package_identification:_identify(/home/inauenma/git/mecheye_ros2_interface) by extensions ['ignore', 'ignore_ament_install']
[0.177s] Level 1:colcon.colcon_core.package_identification:_identify(/home/inauenma/git/mecheye_ros2_interface) by extension 'ignore'
[0.177s] Level 1:colcon.colcon_core.package_identification:_identify(/home/inauenma/git/mecheye_ros2_interface) by extension 'ignore_ament_install'
[0.177s] Level 1:colcon.colcon_core.package_identification:_identify(/home/inauenma/git/mecheye_ros2_interface) by extensions ['colcon_pkg']
[0.177s] Level 1:colcon.colcon_core.package_identification:_identify(/home/inauenma/git/mecheye_ros2_interface) by extension 'colcon_pkg'
[0.177s] Level 1:colcon.colcon_core.package_identification:_identify(/home/inauenma/git/mecheye_ros2_interface) by extensions ['colcon_meta']
[0.177s] Level 1:colcon.colcon_core.package_identification:_identify(/home/inauenma/git/mecheye_ros2_interface) by extension 'colcon_meta'
[0.177s] Level 1:colcon.colcon_core.package_identification:_identify(/home/inauenma/git/mecheye_ros2_interface) by extensions ['ros']
[0.177s] Level 1:colcon.colcon_core.package_identification:_identify(/home/inauenma/git/mecheye_ros2_interface) by extension 'ros'
[0.197s] DEBUG:colcon.colcon_core.package_identification:Package '/home/inauenma/git/mecheye_ros2_interface' with type 'ros.ament_cmake' and name 'mecheye_ros_interface'
[0.197s] Level 1:colcon.colcon_core.package_discovery:discover_packages(recursive) using defaults
[0.210s] Level 1:colcon.colcon_core.package_discovery:discover_packages(prefix_path) check parameters
[0.210s] Level 1:colcon.colcon_core.package_discovery:discover_packages(prefix_path) discover
[0.214s] DEBUG:colcon.colcon_installed_package_information.package_discovery:Found 15 installed packages in /home/inauenma/ros2_ws/install
[0.216s] DEBUG:colcon.colcon_installed_package_information.package_discovery:Found 55 installed packages in /home/inauenma/moveit_ws/install
[0.218s] DEBUG:colcon.colcon_installed_package_information.package_discovery:Found 422 installed packages in /opt/ros/jazzy
[0.221s] Level 1:colcon.colcon_core.package_discovery:discover_packages(prefix_path) using defaults
[0.263s] Level 5:colcon.colcon_core.verb:set package 'mecheye_ros_interface' build argument 'cmake_args' from command line to 'None'
[0.263s] Level 5:colcon.colcon_core.verb:set package 'mecheye_ros_interface' build argument 'cmake_target' from command line to 'None'
[0.263s] Level 5:colcon.colcon_core.verb:set package 'mecheye_ros_interface' build argument 'cmake_target_skip_unavailable' from command line to 'False'
[0.263s] Level 5:colcon.colcon_core.verb:set package 'mecheye_ros_interface' build argument 'cmake_clean_cache' from command line to 'False'
[0.263s] Level 5:colcon.colcon_core.verb:set package 'mecheye_ros_interface' build argument 'cmake_clean_first' from command line to 'False'
[0.263s] Level 5:colcon.colcon_core.verb:set package 'mecheye_ros_interface' build argument 'cmake_force_configure' from command line to 'False'
[0.263s] Level 5:colcon.colcon_core.verb:set package 'mecheye_ros_interface' build argument 'ament_cmake_args' from command line to 'None'
[0.263s] Level 5:colcon.colcon_core.verb:set package 'mecheye_ros_interface' build argument 'catkin_cmake_args' from command line to 'None'
[0.264s] Level 5:colcon.colcon_core.verb:set package 'mecheye_ros_interface' build argument 'catkin_skip_building_tests' from command line to 'False'
[0.264s] DEBUG:colcon.colcon_core.verb:Building package 'mecheye_ros_interface' with the following arguments: {'ament_cmake_args': None, 'build_base': '/home/inauenma/git/mecheye_ros2_interface/build/mecheye_ros_interface', 'catkin_cmake_args': None, 'catkin_skip_building_tests': False, 'cmake_args': None, 'cmake_clean_cache': False, 'cmake_clean_first': False, 'cmake_force_configure': False, 'cmake_target': None, 'cmake_target_skip_unavailable': False, 'install_base': '/home/inauenma/git/mecheye_ros2_interface/install/mecheye_ros_interface', 'merge_install': False, 'path': '/home/inauenma/git/mecheye_ros2_interface', 'symlink_install': False, 'test_result_base': None}
[0.264s] INFO:colcon.colcon_core.executor:Executing jobs using 'parallel' executor
[0.265s] DEBUG:colcon.colcon_parallel_executor.executor.parallel:run_until_complete
[0.265s] INFO:colcon.colcon_ros.task.ament_cmake.build:Building ROS package in '/home/inauenma/git/mecheye_ros2_interface' with build type 'ament_cmake'
[0.265s] INFO:colcon.colcon_cmake.task.cmake.build:Building CMake package in '/home/inauenma/git/mecheye_ros2_interface'
[0.267s] INFO:colcon.colcon_core.plugin_system:Skipping extension 'colcon_core.shell.bat': Not used on non-Windows systems
[0.267s] INFO:colcon.colcon_core.shell:Skip shell extension 'powershell' for command environment: Not usable outside of PowerShell
[0.267s] DEBUG:colcon.colcon_core.shell:Skip shell extension 'dsv' for command environment
[0.283s] DEBUG:colcon.colcon_core.event_handler.log_command:Invoking command in '/home/inauenma/git/mecheye_ros2_interface/build/mecheye_ros_interface': CMAKE_PREFIX_PATH=${CMAKE_PREFIX_PATH}:/home/inauenma/ros2_ws/install/mesh_control_ros:/home/inauenma/moveit_ws/install/moveit_configs_utils:/opt/ros/jazzy DEBUGINFOD_URLS=https://debuginfod.ubuntu.com /usr/bin/cmake --build /home/inauenma/git/mecheye_ros2_interface/build/mecheye_ros_interface -- -j16 -l16
[35.459s] DEBUG:colcon.colcon_core.event_handler.log_command:Invoked command in '/home/inauenma/git/mecheye_ros2_interface/build/mecheye_ros_interface' returned '0': CMAKE_PREFIX_PATH=${CMAKE_PREFIX_PATH}:/home/inauenma/ros2_ws/install/mesh_control_ros:/home/inauenma/moveit_ws/install/moveit_configs_utils:/opt/ros/jazzy DEBUGINFOD_URLS=https://debuginfod.ubuntu.com /usr/bin/cmake --build /home/inauenma/git/mecheye_ros2_interface/build/mecheye_ros_interface -- -j16 -l16
[35.485s] DEBUG:colcon.colcon_core.event_handler.log_command:Invoking command in '/home/inauenma/git/mecheye_ros2_interface/build/mecheye_ros_interface': CMAKE_PREFIX_PATH=${CMAKE_PREFIX_PATH}:/home/inauenma/ros2_ws/install/mesh_control_ros:/home/inauenma/moveit_ws/install/moveit_configs_utils:/opt/ros/jazzy DEBUGINFOD_URLS=https://debuginfod.ubuntu.com /usr/bin/cmake --install /home/inauenma/git/mecheye_ros2_interface/build/mecheye_ros_interface
[35.651s] Level 1:colcon.colcon_core.environment:create_environment_scripts_only(mecheye_ros_interface)
[35.652s] DEBUG:colcon.colcon_core.event_handler.log_command:Invoked command in '/home/inauenma/git/mecheye_ros2_interface/build/mecheye_ros_interface' returned '0': CMAKE_PREFIX_PATH=${CMAKE_PREFIX_PATH}:/home/inauenma/ros2_ws/install/mesh_control_ros:/home/inauenma/moveit_ws/install/moveit_configs_utils:/opt/ros/jazzy DEBUGINFOD_URLS=https://debuginfod.ubuntu.com /usr/bin/cmake --install /home/inauenma/git/mecheye_ros2_interface/build/mecheye_ros_interface
[35.654s] Level 1:colcon.colcon_core.environment:checking '/home/inauenma/git/mecheye_ros2_interface/install/mecheye_ros_interface' for CMake module files
[35.655s] Level 1:colcon.colcon_core.environment:checking '/home/inauenma/git/mecheye_ros2_interface/install/mecheye_ros_interface' for CMake config files
[35.655s] Level 1:colcon.colcon_core.shell:create_environment_hook('mecheye_ros_interface', 'cmake_prefix_path')
[35.656s] INFO:colcon.colcon_core.shell:Creating environment hook '/home/inauenma/git/mecheye_ros2_interface/install/mecheye_ros_interface/share/mecheye_ros_interface/hook/cmake_prefix_path.ps1'
[35.656s] INFO:colcon.colcon_core.shell:Creating environment descriptor '/home/inauenma/git/mecheye_ros2_interface/install/mecheye_ros_interface/share/mecheye_ros_interface/hook/cmake_prefix_path.dsv'
[35.657s] INFO:colcon.colcon_core.shell:Creating environment hook '/home/inauenma/git/mecheye_ros2_interface/install/mecheye_ros_interface/share/mecheye_ros_interface/hook/cmake_prefix_path.sh'
[35.657s] Level 1:colcon.colcon_core.environment:checking '/home/inauenma/git/mecheye_ros2_interface/install/mecheye_ros_interface/lib'
[35.658s] Level 1:colcon.colcon_core.shell:create_environment_hook('mecheye_ros_interface', 'ld_library_path_lib')
[35.658s] INFO:colcon.colcon_core.shell:Creating environment hook '/home/inauenma/git/mecheye_ros2_interface/install/mecheye_ros_interface/share/mecheye_ros_interface/hook/ld_library_path_lib.ps1'
[35.658s] INFO:colcon.colcon_core.shell:Creating environment descriptor '/home/inauenma/git/mecheye_ros2_interface/install/mecheye_ros_interface/share/mecheye_ros_interface/hook/ld_library_path_lib.dsv'
[35.659s] INFO:colcon.colcon_core.shell:Creating environment hook '/home/inauenma/git/mecheye_ros2_interface/install/mecheye_ros_interface/share/mecheye_ros_interface/hook/ld_library_path_lib.sh'
[35.659s] Level 1:colcon.colcon_core.environment:checking '/home/inauenma/git/mecheye_ros2_interface/install/mecheye_ros_interface/bin'
[35.659s] Level 1:colcon.colcon_core.environment:checking '/home/inauenma/git/mecheye_ros2_interface/install/mecheye_ros_interface/lib/pkgconfig/mecheye_ros_interface.pc'
[35.659s] Level 1:colcon.colcon_core.environment:checking '/home/inauenma/git/mecheye_ros2_interface/install/mecheye_ros_interface/lib/python3.12/site-packages'
[35.659s] Level 1:colcon.colcon_core.shell:create_environment_hook('mecheye_ros_interface', 'pythonpath')
[35.659s] INFO:colcon.colcon_core.shell:Creating environment hook '/home/inauenma/git/mecheye_ros2_interface/install/mecheye_ros_interface/share/mecheye_ros_interface/hook/pythonpath.ps1'
[35.660s] INFO:colcon.colcon_core.shell:Creating environment descriptor '/home/inauenma/git/mecheye_ros2_interface/install/mecheye_ros_interface/share/mecheye_ros_interface/hook/pythonpath.dsv'
[35.660s] INFO:colcon.colcon_core.shell:Creating environment hook '/home/inauenma/git/mecheye_ros2_interface/install/mecheye_ros_interface/share/mecheye_ros_interface/hook/pythonpath.sh'
[35.661s] Level 1:colcon.colcon_core.environment:checking '/home/inauenma/git/mecheye_ros2_interface/install/mecheye_ros_interface/bin'
[35.661s] INFO:colcon.colcon_core.shell:Creating package script '/home/inauenma/git/mecheye_ros2_interface/install/mecheye_ros_interface/share/mecheye_ros_interface/package.ps1'
[35.662s] INFO:colcon.colcon_core.shell:Creating package descriptor '/home/inauenma/git/mecheye_ros2_interface/install/mecheye_ros_interface/share/mecheye_ros_interface/package.dsv'
[35.662s] INFO:colcon.colcon_core.shell:Creating package script '/home/inauenma/git/mecheye_ros2_interface/install/mecheye_ros_interface/share/mecheye_ros_interface/package.sh'
[35.662s] INFO:colcon.colcon_core.shell:Creating package script '/home/inauenma/git/mecheye_ros2_interface/install/mecheye_ros_interface/share/mecheye_ros_interface/package.bash'
[35.663s] INFO:colcon.colcon_core.shell:Creating package script '/home/inauenma/git/mecheye_ros2_interface/install/mecheye_ros_interface/share/mecheye_ros_interface/package.zsh'
[35.663s] Level 1:colcon.colcon_core.environment:create_file_with_runtime_dependencies(/home/inauenma/git/mecheye_ros2_interface/install/mecheye_ros_interface/share/colcon-core/packages/mecheye_ros_interface)
[35.664s] Level 1:colcon.colcon_core.environment:create_environment_scripts_only(mecheye_ros_interface)
[35.664s] Level 1:colcon.colcon_core.environment:checking '/home/inauenma/git/mecheye_ros2_interface/install/mecheye_ros_interface' for CMake module files
[35.665s] Level 1:colcon.colcon_core.environment:checking '/home/inauenma/git/mecheye_ros2_interface/install/mecheye_ros_interface' for CMake config files
[35.665s] Level 1:colcon.colcon_core.shell:create_environment_hook('mecheye_ros_interface', 'cmake_prefix_path')
[35.665s] INFO:colcon.colcon_core.shell:Creating environment hook '/home/inauenma/git/mecheye_ros2_interface/install/mecheye_ros_interface/share/mecheye_ros_interface/hook/cmake_prefix_path.ps1'
[35.666s] INFO:colcon.colcon_core.shell:Creating environment descriptor '/home/inauenma/git/mecheye_ros2_interface/install/mecheye_ros_interface/share/mecheye_ros_interface/hook/cmake_prefix_path.dsv'
[35.666s] INFO:colcon.colcon_core.shell:Creating environment hook '/home/inauenma/git/mecheye_ros2_interface/install/mecheye_ros_interface/share/mecheye_ros_interface/hook/cmake_prefix_path.sh'
[35.667s] Level 1:colcon.colcon_core.environment:checking '/home/inauenma/git/mecheye_ros2_interface/install/mecheye_ros_interface/lib'
[35.667s] Level 1:colcon.colcon_core.shell:create_environment_hook('mecheye_ros_interface', 'ld_library_path_lib')
[35.667s] INFO:colcon.colcon_core.shell:Creating environment hook '/home/inauenma/git/mecheye_ros2_interface/install/mecheye_ros_interface/share/mecheye_ros_interface/hook/ld_library_path_lib.ps1'
[35.668s] INFO:colcon.colcon_core.shell:Creating environment descriptor '/home/inauenma/git/mecheye_ros2_interface/install/mecheye_ros_interface/share/mecheye_ros_interface/hook/ld_library_path_lib.dsv'
[35.668s] INFO:colcon.colcon_core.shell:Creating environment hook '/home/inauenma/git/mecheye_ros2_interface/install/mecheye_ros_interface/share/mecheye_ros_interface/hook/ld_library_path_lib.sh'
[35.668s] Level 1:colcon.colcon_core.environment:checking '/home/inauenma/git/mecheye_ros2_interface/install/mecheye_ros_interface/bin'
[35.668s] Level 1:colcon.colcon_core.environment:checking '/home/inauenma/git/mecheye_ros2_interface/install/mecheye_ros_interface/lib/pkgconfig/mecheye_ros_interface.pc'
[35.668s] Level 1:colcon.colcon_core.environment:checking '/home/inauenma/git/mecheye_ros2_interface/install/mecheye_ros_interface/lib/python3.12/site-packages'
[35.669s] Level 1:colcon.colcon_core.shell:create_environment_hook('mecheye_ros_interface', 'pythonpath')
[35.669s] INFO:colcon.colcon_core.shell:Creating environment hook '/home/inauenma/git/mecheye_ros2_interface/install/mecheye_ros_interface/share/mecheye_ros_interface/hook/pythonpath.ps1'
[35.669s] INFO:colcon.colcon_core.shell:Creating environment descriptor '/home/inauenma/git/mecheye_ros2_interface/install/mecheye_ros_interface/share/mecheye_ros_interface/hook/pythonpath.dsv'
[35.669s] INFO:colcon.colcon_core.shell:Creating environment hook '/home/inauenma/git/mecheye_ros2_interface/install/mecheye_ros_interface/share/mecheye_ros_interface/hook/pythonpath.sh'
[35.670s] Level 1:colcon.colcon_core.environment:checking '/home/inauenma/git/mecheye_ros2_interface/install/mecheye_ros_interface/bin'
[35.670s] INFO:colcon.colcon_core.shell:Creating package script '/home/inauenma/git/mecheye_ros2_interface/install/mecheye_ros_interface/share/mecheye_ros_interface/package.ps1'
[35.671s] INFO:colcon.colcon_core.shell:Creating package descriptor '/home/inauenma/git/mecheye_ros2_interface/install/mecheye_ros_interface/share/mecheye_ros_interface/package.dsv'
[35.671s] INFO:colcon.colcon_core.shell:Creating package script '/home/inauenma/git/mecheye_ros2_interface/install/mecheye_ros_interface/share/mecheye_ros_interface/package.sh'
[35.671s] INFO:colcon.colcon_core.shell:Creating package script '/home/inauenma/git/mecheye_ros2_interface/install/mecheye_ros_interface/share/mecheye_ros_interface/package.bash'
[35.672s] INFO:colcon.colcon_core.shell:Creating package script '/home/inauenma/git/mecheye_ros2_interface/install/mecheye_ros_interface/share/mecheye_ros_interface/package.zsh'
[35.672s] Level 1:colcon.colcon_core.environment:create_file_with_runtime_dependencies(/home/inauenma/git/mecheye_ros2_interface/install/mecheye_ros_interface/share/colcon-core/packages/mecheye_ros_interface)
[35.673s] DEBUG:colcon.colcon_parallel_executor.executor.parallel:closing loop
[35.674s] DEBUG:colcon.colcon_parallel_executor.executor.parallel:loop closed
[35.674s] DEBUG:colcon.colcon_parallel_executor.executor.parallel:run_until_complete finished with '0'
[35.674s] DEBUG:colcon.colcon_core.event_reactor:joining thread
[35.736s] INFO:colcon.colcon_core.plugin_system:Skipping extension 'colcon_notification.desktop_notification.notify_send': Could not find 'notify-send'
[35.736s] INFO:colcon.colcon_core.plugin_system:Skipping extension 'colcon_notification.desktop_notification.terminal_notifier': Not used on non-Darwin systems
[35.737s] INFO:colcon.colcon_core.plugin_system:Skipping extension 'colcon_notification.desktop_notification.win32': Not used on non-Windows systems
[35.737s] INFO:colcon.colcon_notification.desktop_notification:Sending desktop notification using 'notify2'
[35.738s] DEBUG:colcon.colcon_notification.desktop_notification.notify2:Failed to initialize notify2: org.freedesktop.DBus.Error.ServiceUnknown: The name org.freedesktop.Notifications was not provided by any .service files
[35.738s] DEBUG:colcon.colcon_core.event_reactor:joined thread
[35.738s] INFO:colcon.colcon_core.shell:Creating prefix script '/home/inauenma/git/mecheye_ros2_interface/install/local_setup.ps1'
[35.739s] INFO:colcon.colcon_core.shell:Creating prefix util module '/home/inauenma/git/mecheye_ros2_interface/install/_local_setup_util_ps1.py'
[35.741s] INFO:colcon.colcon_core.shell:Creating prefix chain script '/home/inauenma/git/mecheye_ros2_interface/install/setup.ps1'
[35.744s] INFO:colcon.colcon_core.shell:Creating prefix script '/home/inauenma/git/mecheye_ros2_interface/install/local_setup.sh'
[35.745s] INFO:colcon.colcon_core.shell:Creating prefix util module '/home/inauenma/git/mecheye_ros2_interface/install/_local_setup_util_sh.py'
[35.745s] INFO:colcon.colcon_core.shell:Creating prefix chain script '/home/inauenma/git/mecheye_ros2_interface/install/setup.sh'
[35.749s] INFO:colcon.colcon_core.shell:Creating prefix script '/home/inauenma/git/mecheye_ros2_interface/install/local_setup.bash'
[35.749s] INFO:colcon.colcon_core.shell:Creating prefix chain script '/home/inauenma/git/mecheye_ros2_interface/install/setup.bash'
[35.752s] INFO:colcon.colcon_core.shell:Creating prefix script '/home/inauenma/git/mecheye_ros2_interface/install/local_setup.zsh'
[35.753s] INFO:colcon.colcon_core.shell:Creating prefix chain script '/home/inauenma/git/mecheye_ros2_interface/install/setup.zsh'
