[0.146s] DEBUG:colcon:Command line arguments: ['/usr/bin/colcon', 'build', '--packages-select', 'mecheye_ros_interface', '--base-paths', '/home/inauenma/git/mecheye_ros2_interface']
[0.147s] DEBUG:colcon:Parsed command line arguments: Namespace(log_base=None, log_level=None, verb_name='build', build_base='build', install_base='install', merge_install=False, symlink_install=False, test_result_base=None, continue_on_error=False, executor='parallel', parallel_workers=16, event_handlers=None, ignore_user_meta=False, metas=['./colcon.meta'], base_paths=['/home/inauenma/git/mecheye_ros2_interface'], packages_ignore=None, packages_ignore_regex=None, paths=None, packages_up_to=None, packages_up_to_regex=None, packages_above=None, packages_above_and_dependencies=None, packages_above_depth=None, packages_select_by_dep=None, packages_skip_by_dep=None, packages_skip_up_to=None, packages_select_build_failed=False, packages_skip_build_finished=False, packages_select_test_failures=False, packages_skip_test_passed=False, packages_select=['mecheye_ros_interface'], packages_skip=None, packages_select_regex=None, packages_skip_regex=None, packages_start=None, packages_end=None, allow_overriding=[], cmake_args=None, cmake_target=None, cmake_target_skip_unavailable=False, cmake_clean_cache=False, cmake_clean_first=False, cmake_force_configure=False, ament_cmake_args=None, catkin_cmake_args=None, catkin_skip_building_tests=False, mixin_files=None, mixin=None, verb_parser=<colcon_mixin.mixin.mixin_argument.MixinArgumentDecorator object at 0x75bef5e9d400>, verb_extension=<colcon_core.verb.build.BuildVerb object at 0x75bef5e48110>, main=<bound method BuildVerb.main of <colcon_core.verb.build.BuildVerb object at 0x75bef5e48110>>, mixin_verb=('build',))
[0.186s] Level 1:colcon.colcon_core.package_discovery:discover_packages(colcon_meta) check parameters
[0.186s] Level 1:colcon.colcon_core.package_discovery:discover_packages(recursive) check parameters
[0.186s] Level 1:colcon.colcon_core.package_discovery:discover_packages(ignore) check parameters
[0.186s] Level 1:colcon.colcon_core.package_discovery:discover_packages(path) check parameters
[0.186s] Level 1:colcon.colcon_core.package_discovery:discover_packages(recursive) discover
[0.186s] INFO:colcon.colcon_core.package_discovery:Crawling recursively for packages in '/home/inauenma/git/mecheye_ros2_interface'
[0.186s] Level 1:colcon.colcon_core.package_identification:_identify(/home/inauenma/git/mecheye_ros2_interface) by extensions ['ignore', 'ignore_ament_install']
[0.186s] Level 1:colcon.colcon_core.package_identification:_identify(/home/inauenma/git/mecheye_ros2_interface) by extension 'ignore'
[0.186s] Level 1:colcon.colcon_core.package_identification:_identify(/home/inauenma/git/mecheye_ros2_interface) by extension 'ignore_ament_install'
[0.186s] Level 1:colcon.colcon_core.package_identification:_identify(/home/inauenma/git/mecheye_ros2_interface) by extensions ['colcon_pkg']
[0.186s] Level 1:colcon.colcon_core.package_identification:_identify(/home/inauenma/git/mecheye_ros2_interface) by extension 'colcon_pkg'
[0.186s] Level 1:colcon.colcon_core.package_identification:_identify(/home/inauenma/git/mecheye_ros2_interface) by extensions ['colcon_meta']
[0.186s] Level 1:colcon.colcon_core.package_identification:_identify(/home/inauenma/git/mecheye_ros2_interface) by extension 'colcon_meta'
[0.186s] Level 1:colcon.colcon_core.package_identification:_identify(/home/inauenma/git/mecheye_ros2_interface) by extensions ['ros']
[0.186s] Level 1:colcon.colcon_core.package_identification:_identify(/home/inauenma/git/mecheye_ros2_interface) by extension 'ros'
[0.209s] DEBUG:colcon.colcon_core.package_identification:Package '/home/inauenma/git/mecheye_ros2_interface' with type 'ros.ament_cmake' and name 'mecheye_ros_interface'
[0.209s] Level 1:colcon.colcon_core.package_discovery:discover_packages(recursive) using defaults
[0.224s] Level 1:colcon.colcon_core.package_discovery:discover_packages(prefix_path) check parameters
[0.224s] Level 1:colcon.colcon_core.package_discovery:discover_packages(prefix_path) discover
[0.228s] DEBUG:colcon.colcon_installed_package_information.package_discovery:Found 15 installed packages in /home/inauenma/ros2_ws/install
[0.230s] DEBUG:colcon.colcon_installed_package_information.package_discovery:Found 55 installed packages in /home/inauenma/moveit_ws/install
[0.232s] DEBUG:colcon.colcon_installed_package_information.package_discovery:Found 422 installed packages in /opt/ros/jazzy
[0.235s] Level 1:colcon.colcon_core.package_discovery:discover_packages(prefix_path) using defaults
[0.283s] Level 5:colcon.colcon_core.verb:set package 'mecheye_ros_interface' build argument 'cmake_args' from command line to 'None'
[0.284s] Level 5:colcon.colcon_core.verb:set package 'mecheye_ros_interface' build argument 'cmake_target' from command line to 'None'
[0.284s] Level 5:colcon.colcon_core.verb:set package 'mecheye_ros_interface' build argument 'cmake_target_skip_unavailable' from command line to 'False'
[0.284s] Level 5:colcon.colcon_core.verb:set package 'mecheye_ros_interface' build argument 'cmake_clean_cache' from command line to 'False'
[0.284s] Level 5:colcon.colcon_core.verb:set package 'mecheye_ros_interface' build argument 'cmake_clean_first' from command line to 'False'
[0.284s] Level 5:colcon.colcon_core.verb:set package 'mecheye_ros_interface' build argument 'cmake_force_configure' from command line to 'False'
[0.284s] Level 5:colcon.colcon_core.verb:set package 'mecheye_ros_interface' build argument 'ament_cmake_args' from command line to 'None'
[0.284s] Level 5:colcon.colcon_core.verb:set package 'mecheye_ros_interface' build argument 'catkin_cmake_args' from command line to 'None'
[0.284s] Level 5:colcon.colcon_core.verb:set package 'mecheye_ros_interface' build argument 'catkin_skip_building_tests' from command line to 'False'
[0.284s] DEBUG:colcon.colcon_core.verb:Building package 'mecheye_ros_interface' with the following arguments: {'ament_cmake_args': None, 'build_base': '/home/inauenma/git/mecheye_ros2_interface/build/mecheye_ros_interface', 'catkin_cmake_args': None, 'catkin_skip_building_tests': False, 'cmake_args': None, 'cmake_clean_cache': False, 'cmake_clean_first': False, 'cmake_force_configure': False, 'cmake_target': None, 'cmake_target_skip_unavailable': False, 'install_base': '/home/inauenma/git/mecheye_ros2_interface/install/mecheye_ros_interface', 'merge_install': False, 'path': '/home/inauenma/git/mecheye_ros2_interface', 'symlink_install': False, 'test_result_base': None}
[0.284s] INFO:colcon.colcon_core.executor:Executing jobs using 'parallel' executor
[0.285s] DEBUG:colcon.colcon_parallel_executor.executor.parallel:run_until_complete
[0.285s] INFO:colcon.colcon_ros.task.ament_cmake.build:Building ROS package in '/home/inauenma/git/mecheye_ros2_interface' with build type 'ament_cmake'
[0.285s] INFO:colcon.colcon_cmake.task.cmake.build:Building CMake package in '/home/inauenma/git/mecheye_ros2_interface'
[0.287s] INFO:colcon.colcon_core.plugin_system:Skipping extension 'colcon_core.shell.bat': Not used on non-Windows systems
[0.287s] INFO:colcon.colcon_core.shell:Skip shell extension 'powershell' for command environment: Not usable outside of PowerShell
[0.287s] DEBUG:colcon.colcon_core.shell:Skip shell extension 'dsv' for command environment
[0.303s] DEBUG:colcon.colcon_core.event_handler.log_command:Invoking command in '/home/inauenma/git/mecheye_ros2_interface/build/mecheye_ros_interface': CMAKE_PREFIX_PATH=${CMAKE_PREFIX_PATH}:/home/inauenma/ros2_ws/install/mesh_control_ros:/home/inauenma/moveit_ws/install/moveit_configs_utils:/opt/ros/jazzy DEBUGINFOD_URLS=https://debuginfod.ubuntu.com /usr/bin/cmake --build /home/inauenma/git/mecheye_ros2_interface/build/mecheye_ros_interface -- -j16 -l16
[11.177s] DEBUG:colcon.colcon_core.event_handler.log_command:Invoked command in '/home/inauenma/git/mecheye_ros2_interface/build/mecheye_ros_interface' returned '0': CMAKE_PREFIX_PATH=${CMAKE_PREFIX_PATH}:/home/inauenma/ros2_ws/install/mesh_control_ros:/home/inauenma/moveit_ws/install/moveit_configs_utils:/opt/ros/jazzy DEBUGINFOD_URLS=https://debuginfod.ubuntu.com /usr/bin/cmake --build /home/inauenma/git/mecheye_ros2_interface/build/mecheye_ros_interface -- -j16 -l16
[11.200s] DEBUG:colcon.colcon_core.event_handler.log_command:Invoking command in '/home/inauenma/git/mecheye_ros2_interface/build/mecheye_ros_interface': CMAKE_PREFIX_PATH=${CMAKE_PREFIX_PATH}:/home/inauenma/ros2_ws/install/mesh_control_ros:/home/inauenma/moveit_ws/install/moveit_configs_utils:/opt/ros/jazzy DEBUGINFOD_URLS=https://debuginfod.ubuntu.com /usr/bin/cmake --install /home/inauenma/git/mecheye_ros2_interface/build/mecheye_ros_interface
[11.351s] Level 1:colcon.colcon_core.environment:create_environment_scripts_only(mecheye_ros_interface)
[11.353s] DEBUG:colcon.colcon_core.event_handler.log_command:Invoked command in '/home/inauenma/git/mecheye_ros2_interface/build/mecheye_ros_interface' returned '0': CMAKE_PREFIX_PATH=${CMAKE_PREFIX_PATH}:/home/inauenma/ros2_ws/install/mesh_control_ros:/home/inauenma/moveit_ws/install/moveit_configs_utils:/opt/ros/jazzy DEBUGINFOD_URLS=https://debuginfod.ubuntu.com /usr/bin/cmake --install /home/inauenma/git/mecheye_ros2_interface/build/mecheye_ros_interface
[11.356s] Level 1:colcon.colcon_core.environment:checking '/home/inauenma/git/mecheye_ros2_interface/install/mecheye_ros_interface' for CMake module files
[11.356s] Level 1:colcon.colcon_core.environment:checking '/home/inauenma/git/mecheye_ros2_interface/install/mecheye_ros_interface' for CMake config files
[11.357s] Level 1:colcon.colcon_core.shell:create_environment_hook('mecheye_ros_interface', 'cmake_prefix_path')
[11.357s] INFO:colcon.colcon_core.shell:Creating environment hook '/home/inauenma/git/mecheye_ros2_interface/install/mecheye_ros_interface/share/mecheye_ros_interface/hook/cmake_prefix_path.ps1'
[11.358s] INFO:colcon.colcon_core.shell:Creating environment descriptor '/home/inauenma/git/mecheye_ros2_interface/install/mecheye_ros_interface/share/mecheye_ros_interface/hook/cmake_prefix_path.dsv'
[11.359s] INFO:colcon.colcon_core.shell:Creating environment hook '/home/inauenma/git/mecheye_ros2_interface/install/mecheye_ros_interface/share/mecheye_ros_interface/hook/cmake_prefix_path.sh'
[11.360s] Level 1:colcon.colcon_core.environment:checking '/home/inauenma/git/mecheye_ros2_interface/install/mecheye_ros_interface/lib'
[11.360s] Level 1:colcon.colcon_core.shell:create_environment_hook('mecheye_ros_interface', 'ld_library_path_lib')
[11.360s] INFO:colcon.colcon_core.shell:Creating environment hook '/home/inauenma/git/mecheye_ros2_interface/install/mecheye_ros_interface/share/mecheye_ros_interface/hook/ld_library_path_lib.ps1'
[11.360s] INFO:colcon.colcon_core.shell:Creating environment descriptor '/home/inauenma/git/mecheye_ros2_interface/install/mecheye_ros_interface/share/mecheye_ros_interface/hook/ld_library_path_lib.dsv'
[11.361s] INFO:colcon.colcon_core.shell:Creating environment hook '/home/inauenma/git/mecheye_ros2_interface/install/mecheye_ros_interface/share/mecheye_ros_interface/hook/ld_library_path_lib.sh'
[11.361s] Level 1:colcon.colcon_core.environment:checking '/home/inauenma/git/mecheye_ros2_interface/install/mecheye_ros_interface/bin'
[11.361s] Level 1:colcon.colcon_core.environment:checking '/home/inauenma/git/mecheye_ros2_interface/install/mecheye_ros_interface/lib/pkgconfig/mecheye_ros_interface.pc'
[11.361s] Level 1:colcon.colcon_core.environment:checking '/home/inauenma/git/mecheye_ros2_interface/install/mecheye_ros_interface/lib/python3.12/site-packages'
[11.361s] Level 1:colcon.colcon_core.shell:create_environment_hook('mecheye_ros_interface', 'pythonpath')
[11.361s] INFO:colcon.colcon_core.shell:Creating environment hook '/home/inauenma/git/mecheye_ros2_interface/install/mecheye_ros_interface/share/mecheye_ros_interface/hook/pythonpath.ps1'
[11.362s] INFO:colcon.colcon_core.shell:Creating environment descriptor '/home/inauenma/git/mecheye_ros2_interface/install/mecheye_ros_interface/share/mecheye_ros_interface/hook/pythonpath.dsv'
[11.362s] INFO:colcon.colcon_core.shell:Creating environment hook '/home/inauenma/git/mecheye_ros2_interface/install/mecheye_ros_interface/share/mecheye_ros_interface/hook/pythonpath.sh'
[11.363s] Level 1:colcon.colcon_core.environment:checking '/home/inauenma/git/mecheye_ros2_interface/install/mecheye_ros_interface/bin'
[11.363s] INFO:colcon.colcon_core.shell:Creating package script '/home/inauenma/git/mecheye_ros2_interface/install/mecheye_ros_interface/share/mecheye_ros_interface/package.ps1'
[11.364s] INFO:colcon.colcon_core.shell:Creating package descriptor '/home/inauenma/git/mecheye_ros2_interface/install/mecheye_ros_interface/share/mecheye_ros_interface/package.dsv'
[11.364s] INFO:colcon.colcon_core.shell:Creating package script '/home/inauenma/git/mecheye_ros2_interface/install/mecheye_ros_interface/share/mecheye_ros_interface/package.sh'
[11.364s] INFO:colcon.colcon_core.shell:Creating package script '/home/inauenma/git/mecheye_ros2_interface/install/mecheye_ros_interface/share/mecheye_ros_interface/package.bash'
[11.365s] INFO:colcon.colcon_core.shell:Creating package script '/home/inauenma/git/mecheye_ros2_interface/install/mecheye_ros_interface/share/mecheye_ros_interface/package.zsh'
[11.365s] Level 1:colcon.colcon_core.environment:create_file_with_runtime_dependencies(/home/inauenma/git/mecheye_ros2_interface/install/mecheye_ros_interface/share/colcon-core/packages/mecheye_ros_interface)
[11.366s] Level 1:colcon.colcon_core.environment:create_environment_scripts_only(mecheye_ros_interface)
[11.366s] Level 1:colcon.colcon_core.environment:checking '/home/inauenma/git/mecheye_ros2_interface/install/mecheye_ros_interface' for CMake module files
[11.367s] Level 1:colcon.colcon_core.environment:checking '/home/inauenma/git/mecheye_ros2_interface/install/mecheye_ros_interface' for CMake config files
[11.367s] Level 1:colcon.colcon_core.shell:create_environment_hook('mecheye_ros_interface', 'cmake_prefix_path')
[11.367s] INFO:colcon.colcon_core.shell:Creating environment hook '/home/inauenma/git/mecheye_ros2_interface/install/mecheye_ros_interface/share/mecheye_ros_interface/hook/cmake_prefix_path.ps1'
[11.368s] INFO:colcon.colcon_core.shell:Creating environment descriptor '/home/inauenma/git/mecheye_ros2_interface/install/mecheye_ros_interface/share/mecheye_ros_interface/hook/cmake_prefix_path.dsv'
[11.368s] INFO:colcon.colcon_core.shell:Creating environment hook '/home/inauenma/git/mecheye_ros2_interface/install/mecheye_ros_interface/share/mecheye_ros_interface/hook/cmake_prefix_path.sh'
[11.369s] Level 1:colcon.colcon_core.environment:checking '/home/inauenma/git/mecheye_ros2_interface/install/mecheye_ros_interface/lib'
[11.369s] Level 1:colcon.colcon_core.shell:create_environment_hook('mecheye_ros_interface', 'ld_library_path_lib')
[11.369s] INFO:colcon.colcon_core.shell:Creating environment hook '/home/inauenma/git/mecheye_ros2_interface/install/mecheye_ros_interface/share/mecheye_ros_interface/hook/ld_library_path_lib.ps1'
[11.369s] INFO:colcon.colcon_core.shell:Creating environment descriptor '/home/inauenma/git/mecheye_ros2_interface/install/mecheye_ros_interface/share/mecheye_ros_interface/hook/ld_library_path_lib.dsv'
[11.370s] INFO:colcon.colcon_core.shell:Creating environment hook '/home/inauenma/git/mecheye_ros2_interface/install/mecheye_ros_interface/share/mecheye_ros_interface/hook/ld_library_path_lib.sh'
[11.370s] Level 1:colcon.colcon_core.environment:checking '/home/inauenma/git/mecheye_ros2_interface/install/mecheye_ros_interface/bin'
[11.370s] Level 1:colcon.colcon_core.environment:checking '/home/inauenma/git/mecheye_ros2_interface/install/mecheye_ros_interface/lib/pkgconfig/mecheye_ros_interface.pc'
[11.370s] Level 1:colcon.colcon_core.environment:checking '/home/inauenma/git/mecheye_ros2_interface/install/mecheye_ros_interface/lib/python3.12/site-packages'
[11.370s] Level 1:colcon.colcon_core.shell:create_environment_hook('mecheye_ros_interface', 'pythonpath')
[11.370s] INFO:colcon.colcon_core.shell:Creating environment hook '/home/inauenma/git/mecheye_ros2_interface/install/mecheye_ros_interface/share/mecheye_ros_interface/hook/pythonpath.ps1'
[11.371s] INFO:colcon.colcon_core.shell:Creating environment descriptor '/home/inauenma/git/mecheye_ros2_interface/install/mecheye_ros_interface/share/mecheye_ros_interface/hook/pythonpath.dsv'
[11.371s] INFO:colcon.colcon_core.shell:Creating environment hook '/home/inauenma/git/mecheye_ros2_interface/install/mecheye_ros_interface/share/mecheye_ros_interface/hook/pythonpath.sh'
[11.372s] Level 1:colcon.colcon_core.environment:checking '/home/inauenma/git/mecheye_ros2_interface/install/mecheye_ros_interface/bin'
[11.372s] INFO:colcon.colcon_core.shell:Creating package script '/home/inauenma/git/mecheye_ros2_interface/install/mecheye_ros_interface/share/mecheye_ros_interface/package.ps1'
[11.372s] INFO:colcon.colcon_core.shell:Creating package descriptor '/home/inauenma/git/mecheye_ros2_interface/install/mecheye_ros_interface/share/mecheye_ros_interface/package.dsv'
[11.373s] INFO:colcon.colcon_core.shell:Creating package script '/home/inauenma/git/mecheye_ros2_interface/install/mecheye_ros_interface/share/mecheye_ros_interface/package.sh'
[11.373s] INFO:colcon.colcon_core.shell:Creating package script '/home/inauenma/git/mecheye_ros2_interface/install/mecheye_ros_interface/share/mecheye_ros_interface/package.bash'
[11.374s] INFO:colcon.colcon_core.shell:Creating package script '/home/inauenma/git/mecheye_ros2_interface/install/mecheye_ros_interface/share/mecheye_ros_interface/package.zsh'
[11.374s] Level 1:colcon.colcon_core.environment:create_file_with_runtime_dependencies(/home/inauenma/git/mecheye_ros2_interface/install/mecheye_ros_interface/share/colcon-core/packages/mecheye_ros_interface)
[11.374s] DEBUG:colcon.colcon_parallel_executor.executor.parallel:closing loop
[11.375s] DEBUG:colcon.colcon_parallel_executor.executor.parallel:loop closed
[11.376s] DEBUG:colcon.colcon_parallel_executor.executor.parallel:run_until_complete finished with '0'
[11.376s] DEBUG:colcon.colcon_core.event_reactor:joining thread
[11.445s] INFO:colcon.colcon_core.plugin_system:Skipping extension 'colcon_notification.desktop_notification.notify_send': Could not find 'notify-send'
[11.446s] INFO:colcon.colcon_core.plugin_system:Skipping extension 'colcon_notification.desktop_notification.terminal_notifier': Not used on non-Darwin systems
[11.446s] INFO:colcon.colcon_core.plugin_system:Skipping extension 'colcon_notification.desktop_notification.win32': Not used on non-Windows systems
[11.446s] INFO:colcon.colcon_notification.desktop_notification:Sending desktop notification using 'notify2'
[11.448s] DEBUG:colcon.colcon_notification.desktop_notification.notify2:Failed to initialize notify2: org.freedesktop.DBus.Error.ServiceUnknown: The name org.freedesktop.Notifications was not provided by any .service files
[11.448s] DEBUG:colcon.colcon_core.event_reactor:joined thread
[11.448s] INFO:colcon.colcon_core.shell:Creating prefix script '/home/inauenma/git/mecheye_ros2_interface/install/local_setup.ps1'
[11.449s] INFO:colcon.colcon_core.shell:Creating prefix util module '/home/inauenma/git/mecheye_ros2_interface/install/_local_setup_util_ps1.py'
[11.450s] INFO:colcon.colcon_core.shell:Creating prefix chain script '/home/inauenma/git/mecheye_ros2_interface/install/setup.ps1'
[11.454s] INFO:colcon.colcon_core.shell:Creating prefix script '/home/inauenma/git/mecheye_ros2_interface/install/local_setup.sh'
[11.454s] INFO:colcon.colcon_core.shell:Creating prefix util module '/home/inauenma/git/mecheye_ros2_interface/install/_local_setup_util_sh.py'
[11.455s] INFO:colcon.colcon_core.shell:Creating prefix chain script '/home/inauenma/git/mecheye_ros2_interface/install/setup.sh'
[11.457s] INFO:colcon.colcon_core.shell:Creating prefix script '/home/inauenma/git/mecheye_ros2_interface/install/local_setup.bash'
[11.458s] INFO:colcon.colcon_core.shell:Creating prefix chain script '/home/inauenma/git/mecheye_ros2_interface/install/setup.bash'
[11.461s] INFO:colcon.colcon_core.shell:Creating prefix script '/home/inauenma/git/mecheye_ros2_interface/install/local_setup.zsh'
[11.461s] INFO:colcon.colcon_core.shell:Creating prefix chain script '/home/inauenma/git/mecheye_ros2_interface/install/setup.zsh'
