[0.164s] DEBUG:colcon:Command line arguments: ['/usr/bin/colcon', 'build', '--packages-select', 'mecheye_ros_interface', '--base-paths', '/home/inauenma/git/mecheye_ros2_interface', '--event-handlers', 'console_direct+']
[0.164s] DEBUG:colcon:Parsed command line arguments: Namespace(log_base=None, log_level=None, verb_name='build', build_base='build', install_base='install', merge_install=False, symlink_install=False, test_result_base=None, continue_on_error=False, executor='parallel', parallel_workers=16, event_handlers=['console_direct+'], ignore_user_meta=False, metas=['./colcon.meta'], base_paths=['/home/inauenma/git/mecheye_ros2_interface'], packages_ignore=None, packages_ignore_regex=None, paths=None, packages_up_to=None, packages_up_to_regex=None, packages_above=None, packages_above_and_dependencies=None, packages_above_depth=None, packages_select_by_dep=None, packages_skip_by_dep=None, packages_skip_up_to=None, packages_select_build_failed=False, packages_skip_build_finished=False, packages_select_test_failures=False, packages_skip_test_passed=False, packages_select=['mecheye_ros_interface'], packages_skip=None, packages_select_regex=None, packages_skip_regex=None, packages_start=None, packages_end=None, allow_overriding=[], cmake_args=None, cmake_target=None, cmake_target_skip_unavailable=False, cmake_clean_cache=False, cmake_clean_first=False, cmake_force_configure=False, ament_cmake_args=None, catkin_cmake_args=None, catkin_skip_building_tests=False, mixin_files=None, mixin=None, verb_parser=<colcon_mixin.mixin.mixin_argument.MixinArgumentDecorator object at 0x7522296ad340>, verb_extension=<colcon_core.verb.build.BuildVerb object at 0x752229654320>, main=<bound method BuildVerb.main of <colcon_core.verb.build.BuildVerb object at 0x752229654320>>, mixin_verb=('build',))
[0.199s] Level 1:colcon.colcon_core.package_discovery:discover_packages(colcon_meta) check parameters
[0.199s] Level 1:colcon.colcon_core.package_discovery:discover_packages(recursive) check parameters
[0.200s] Level 1:colcon.colcon_core.package_discovery:discover_packages(ignore) check parameters
[0.200s] Level 1:colcon.colcon_core.package_discovery:discover_packages(path) check parameters
[0.200s] Level 1:colcon.colcon_core.package_discovery:discover_packages(recursive) discover
[0.201s] INFO:colcon.colcon_core.package_discovery:Crawling recursively for packages in '/home/inauenma/git/mecheye_ros2_interface'
[0.201s] Level 1:colcon.colcon_core.package_identification:_identify(/home/inauenma/git/mecheye_ros2_interface) by extensions ['ignore', 'ignore_ament_install']
[0.201s] Level 1:colcon.colcon_core.package_identification:_identify(/home/inauenma/git/mecheye_ros2_interface) by extension 'ignore'
[0.201s] Level 1:colcon.colcon_core.package_identification:_identify(/home/inauenma/git/mecheye_ros2_interface) by extension 'ignore_ament_install'
[0.201s] Level 1:colcon.colcon_core.package_identification:_identify(/home/inauenma/git/mecheye_ros2_interface) by extensions ['colcon_pkg']
[0.201s] Level 1:colcon.colcon_core.package_identification:_identify(/home/inauenma/git/mecheye_ros2_interface) by extension 'colcon_pkg'
[0.202s] Level 1:colcon.colcon_core.package_identification:_identify(/home/inauenma/git/mecheye_ros2_interface) by extensions ['colcon_meta']
[0.202s] Level 1:colcon.colcon_core.package_identification:_identify(/home/inauenma/git/mecheye_ros2_interface) by extension 'colcon_meta'
[0.202s] Level 1:colcon.colcon_core.package_identification:_identify(/home/inauenma/git/mecheye_ros2_interface) by extensions ['ros']
[0.202s] Level 1:colcon.colcon_core.package_identification:_identify(/home/inauenma/git/mecheye_ros2_interface) by extension 'ros'
[0.226s] DEBUG:colcon.colcon_core.package_identification:Package '/home/inauenma/git/mecheye_ros2_interface' with type 'ros.ament_cmake' and name 'mecheye_ros_interface'
[0.226s] Level 1:colcon.colcon_core.package_discovery:discover_packages(recursive) using defaults
[0.241s] Level 1:colcon.colcon_core.package_discovery:discover_packages(prefix_path) check parameters
[0.241s] Level 1:colcon.colcon_core.package_discovery:discover_packages(prefix_path) discover
[0.245s] DEBUG:colcon.colcon_installed_package_information.package_discovery:Found 15 installed packages in /home/inauenma/ros2_ws/install
[0.247s] DEBUG:colcon.colcon_installed_package_information.package_discovery:Found 55 installed packages in /home/inauenma/moveit_ws/install
[0.249s] DEBUG:colcon.colcon_installed_package_information.package_discovery:Found 422 installed packages in /opt/ros/jazzy
[0.252s] Level 1:colcon.colcon_core.package_discovery:discover_packages(prefix_path) using defaults
[0.301s] Level 5:colcon.colcon_core.verb:set package 'mecheye_ros_interface' build argument 'cmake_args' from command line to 'None'
[0.302s] Level 5:colcon.colcon_core.verb:set package 'mecheye_ros_interface' build argument 'cmake_target' from command line to 'None'
[0.302s] Level 5:colcon.colcon_core.verb:set package 'mecheye_ros_interface' build argument 'cmake_target_skip_unavailable' from command line to 'False'
[0.302s] Level 5:colcon.colcon_core.verb:set package 'mecheye_ros_interface' build argument 'cmake_clean_cache' from command line to 'False'
[0.302s] Level 5:colcon.colcon_core.verb:set package 'mecheye_ros_interface' build argument 'cmake_clean_first' from command line to 'False'
[0.302s] Level 5:colcon.colcon_core.verb:set package 'mecheye_ros_interface' build argument 'cmake_force_configure' from command line to 'False'
[0.302s] Level 5:colcon.colcon_core.verb:set package 'mecheye_ros_interface' build argument 'ament_cmake_args' from command line to 'None'
[0.302s] Level 5:colcon.colcon_core.verb:set package 'mecheye_ros_interface' build argument 'catkin_cmake_args' from command line to 'None'
[0.302s] Level 5:colcon.colcon_core.verb:set package 'mecheye_ros_interface' build argument 'catkin_skip_building_tests' from command line to 'False'
[0.302s] DEBUG:colcon.colcon_core.verb:Building package 'mecheye_ros_interface' with the following arguments: {'ament_cmake_args': None, 'build_base': '/home/inauenma/git/mecheye_ros2_interface/build/mecheye_ros_interface', 'catkin_cmake_args': None, 'catkin_skip_building_tests': False, 'cmake_args': None, 'cmake_clean_cache': False, 'cmake_clean_first': False, 'cmake_force_configure': False, 'cmake_target': None, 'cmake_target_skip_unavailable': False, 'install_base': '/home/inauenma/git/mecheye_ros2_interface/install/mecheye_ros_interface', 'merge_install': False, 'path': '/home/inauenma/git/mecheye_ros2_interface', 'symlink_install': False, 'test_result_base': None}
[0.302s] INFO:colcon.colcon_core.executor:Executing jobs using 'parallel' executor
[0.304s] DEBUG:colcon.colcon_parallel_executor.executor.parallel:run_until_complete
[0.304s] INFO:colcon.colcon_ros.task.ament_cmake.build:Building ROS package in '/home/inauenma/git/mecheye_ros2_interface' with build type 'ament_cmake'
[0.304s] INFO:colcon.colcon_cmake.task.cmake.build:Building CMake package in '/home/inauenma/git/mecheye_ros2_interface'
[0.306s] INFO:colcon.colcon_core.plugin_system:Skipping extension 'colcon_core.shell.bat': Not used on non-Windows systems
[0.306s] INFO:colcon.colcon_core.shell:Skip shell extension 'powershell' for command environment: Not usable outside of PowerShell
[0.306s] DEBUG:colcon.colcon_core.shell:Skip shell extension 'dsv' for command environment
[0.322s] DEBUG:colcon.colcon_core.event_handler.log_command:Invoking command in '/home/inauenma/git/mecheye_ros2_interface/build/mecheye_ros_interface': CMAKE_PREFIX_PATH=${CMAKE_PREFIX_PATH}:/home/inauenma/ros2_ws/install/mesh_control_ros:/home/inauenma/moveit_ws/install/moveit_configs_utils:/opt/ros/jazzy DEBUGINFOD_URLS=https://debuginfod.ubuntu.com /usr/bin/cmake /home/inauenma/git/mecheye_ros2_interface -DCMAKE_INSTALL_PREFIX=/home/inauenma/git/mecheye_ros2_interface/install/mecheye_ros_interface
[42.587s] DEBUG:colcon.colcon_core.event_handler.log_command:Invoked command in '/home/inauenma/git/mecheye_ros2_interface/build/mecheye_ros_interface' returned '0': CMAKE_PREFIX_PATH=${CMAKE_PREFIX_PATH}:/home/inauenma/ros2_ws/install/mesh_control_ros:/home/inauenma/moveit_ws/install/moveit_configs_utils:/opt/ros/jazzy DEBUGINFOD_URLS=https://debuginfod.ubuntu.com /usr/bin/cmake /home/inauenma/git/mecheye_ros2_interface -DCMAKE_INSTALL_PREFIX=/home/inauenma/git/mecheye_ros2_interface/install/mecheye_ros_interface
[42.589s] DEBUG:colcon.colcon_core.event_handler.log_command:Invoking command in '/home/inauenma/git/mecheye_ros2_interface/build/mecheye_ros_interface': CMAKE_PREFIX_PATH=${CMAKE_PREFIX_PATH}:/home/inauenma/ros2_ws/install/mesh_control_ros:/home/inauenma/moveit_ws/install/moveit_configs_utils:/opt/ros/jazzy DEBUGINFOD_URLS=https://debuginfod.ubuntu.com /usr/bin/cmake --build /home/inauenma/git/mecheye_ros2_interface/build/mecheye_ros_interface -- -j16 -l16
[94.980s] DEBUG:colcon.colcon_core.event_handler.log_command:Invoked command in '/home/inauenma/git/mecheye_ros2_interface/build/mecheye_ros_interface' returned '0': CMAKE_PREFIX_PATH=${CMAKE_PREFIX_PATH}:/home/inauenma/ros2_ws/install/mesh_control_ros:/home/inauenma/moveit_ws/install/moveit_configs_utils:/opt/ros/jazzy DEBUGINFOD_URLS=https://debuginfod.ubuntu.com /usr/bin/cmake --build /home/inauenma/git/mecheye_ros2_interface/build/mecheye_ros_interface -- -j16 -l16
[95.002s] DEBUG:colcon.colcon_core.event_handler.log_command:Invoking command in '/home/inauenma/git/mecheye_ros2_interface/build/mecheye_ros_interface': CMAKE_PREFIX_PATH=${CMAKE_PREFIX_PATH}:/home/inauenma/ros2_ws/install/mesh_control_ros:/home/inauenma/moveit_ws/install/moveit_configs_utils:/opt/ros/jazzy DEBUGINFOD_URLS=https://debuginfod.ubuntu.com /usr/bin/cmake --install /home/inauenma/git/mecheye_ros2_interface/build/mecheye_ros_interface
[95.558s] Level 1:colcon.colcon_core.environment:create_environment_scripts_only(mecheye_ros_interface)
[95.559s] DEBUG:colcon.colcon_core.event_handler.log_command:Invoked command in '/home/inauenma/git/mecheye_ros2_interface/build/mecheye_ros_interface' returned '0': CMAKE_PREFIX_PATH=${CMAKE_PREFIX_PATH}:/home/inauenma/ros2_ws/install/mesh_control_ros:/home/inauenma/moveit_ws/install/moveit_configs_utils:/opt/ros/jazzy DEBUGINFOD_URLS=https://debuginfod.ubuntu.com /usr/bin/cmake --install /home/inauenma/git/mecheye_ros2_interface/build/mecheye_ros_interface
[95.562s] Level 1:colcon.colcon_core.environment:checking '/home/inauenma/git/mecheye_ros2_interface/install/mecheye_ros_interface' for CMake module files
[95.563s] Level 1:colcon.colcon_core.environment:checking '/home/inauenma/git/mecheye_ros2_interface/install/mecheye_ros_interface' for CMake config files
[95.563s] Level 1:colcon.colcon_core.shell:create_environment_hook('mecheye_ros_interface', 'cmake_prefix_path')
[95.564s] INFO:colcon.colcon_core.shell:Creating environment hook '/home/inauenma/git/mecheye_ros2_interface/install/mecheye_ros_interface/share/mecheye_ros_interface/hook/cmake_prefix_path.ps1'
[95.565s] INFO:colcon.colcon_core.shell:Creating environment descriptor '/home/inauenma/git/mecheye_ros2_interface/install/mecheye_ros_interface/share/mecheye_ros_interface/hook/cmake_prefix_path.dsv'
[95.565s] INFO:colcon.colcon_core.shell:Creating environment hook '/home/inauenma/git/mecheye_ros2_interface/install/mecheye_ros_interface/share/mecheye_ros_interface/hook/cmake_prefix_path.sh'
[95.566s] Level 1:colcon.colcon_core.environment:checking '/home/inauenma/git/mecheye_ros2_interface/install/mecheye_ros_interface/lib'
[95.566s] Level 1:colcon.colcon_core.shell:create_environment_hook('mecheye_ros_interface', 'ld_library_path_lib')
[95.566s] INFO:colcon.colcon_core.shell:Creating environment hook '/home/inauenma/git/mecheye_ros2_interface/install/mecheye_ros_interface/share/mecheye_ros_interface/hook/ld_library_path_lib.ps1'
[95.567s] INFO:colcon.colcon_core.shell:Creating environment descriptor '/home/inauenma/git/mecheye_ros2_interface/install/mecheye_ros_interface/share/mecheye_ros_interface/hook/ld_library_path_lib.dsv'
[95.567s] INFO:colcon.colcon_core.shell:Creating environment hook '/home/inauenma/git/mecheye_ros2_interface/install/mecheye_ros_interface/share/mecheye_ros_interface/hook/ld_library_path_lib.sh'
[95.568s] Level 1:colcon.colcon_core.environment:checking '/home/inauenma/git/mecheye_ros2_interface/install/mecheye_ros_interface/bin'
[95.568s] Level 1:colcon.colcon_core.environment:checking '/home/inauenma/git/mecheye_ros2_interface/install/mecheye_ros_interface/lib/pkgconfig/mecheye_ros_interface.pc'
[95.568s] Level 1:colcon.colcon_core.environment:checking '/home/inauenma/git/mecheye_ros2_interface/install/mecheye_ros_interface/lib/python3.12/site-packages'
[95.568s] Level 1:colcon.colcon_core.shell:create_environment_hook('mecheye_ros_interface', 'pythonpath')
[95.568s] INFO:colcon.colcon_core.shell:Creating environment hook '/home/inauenma/git/mecheye_ros2_interface/install/mecheye_ros_interface/share/mecheye_ros_interface/hook/pythonpath.ps1'
[95.569s] INFO:colcon.colcon_core.shell:Creating environment descriptor '/home/inauenma/git/mecheye_ros2_interface/install/mecheye_ros_interface/share/mecheye_ros_interface/hook/pythonpath.dsv'
[95.569s] INFO:colcon.colcon_core.shell:Creating environment hook '/home/inauenma/git/mecheye_ros2_interface/install/mecheye_ros_interface/share/mecheye_ros_interface/hook/pythonpath.sh'
[95.569s] Level 1:colcon.colcon_core.environment:checking '/home/inauenma/git/mecheye_ros2_interface/install/mecheye_ros_interface/bin'
[95.570s] INFO:colcon.colcon_core.shell:Creating package script '/home/inauenma/git/mecheye_ros2_interface/install/mecheye_ros_interface/share/mecheye_ros_interface/package.ps1'
[95.570s] INFO:colcon.colcon_core.shell:Creating package descriptor '/home/inauenma/git/mecheye_ros2_interface/install/mecheye_ros_interface/share/mecheye_ros_interface/package.dsv'
[95.571s] INFO:colcon.colcon_core.shell:Creating package script '/home/inauenma/git/mecheye_ros2_interface/install/mecheye_ros_interface/share/mecheye_ros_interface/package.sh'
[95.571s] INFO:colcon.colcon_core.shell:Creating package script '/home/inauenma/git/mecheye_ros2_interface/install/mecheye_ros_interface/share/mecheye_ros_interface/package.bash'
[95.572s] INFO:colcon.colcon_core.shell:Creating package script '/home/inauenma/git/mecheye_ros2_interface/install/mecheye_ros_interface/share/mecheye_ros_interface/package.zsh'
[95.572s] Level 1:colcon.colcon_core.environment:create_file_with_runtime_dependencies(/home/inauenma/git/mecheye_ros2_interface/install/mecheye_ros_interface/share/colcon-core/packages/mecheye_ros_interface)
[95.573s] Level 1:colcon.colcon_core.environment:create_environment_scripts_only(mecheye_ros_interface)
[95.573s] Level 1:colcon.colcon_core.environment:checking '/home/inauenma/git/mecheye_ros2_interface/install/mecheye_ros_interface' for CMake module files
[95.573s] Level 1:colcon.colcon_core.environment:checking '/home/inauenma/git/mecheye_ros2_interface/install/mecheye_ros_interface' for CMake config files
[95.574s] Level 1:colcon.colcon_core.shell:create_environment_hook('mecheye_ros_interface', 'cmake_prefix_path')
[95.574s] INFO:colcon.colcon_core.shell:Creating environment hook '/home/inauenma/git/mecheye_ros2_interface/install/mecheye_ros_interface/share/mecheye_ros_interface/hook/cmake_prefix_path.ps1'
[95.574s] INFO:colcon.colcon_core.shell:Creating environment descriptor '/home/inauenma/git/mecheye_ros2_interface/install/mecheye_ros_interface/share/mecheye_ros_interface/hook/cmake_prefix_path.dsv'
[95.575s] INFO:colcon.colcon_core.shell:Creating environment hook '/home/inauenma/git/mecheye_ros2_interface/install/mecheye_ros_interface/share/mecheye_ros_interface/hook/cmake_prefix_path.sh'
[95.575s] Level 1:colcon.colcon_core.environment:checking '/home/inauenma/git/mecheye_ros2_interface/install/mecheye_ros_interface/lib'
[95.576s] Level 1:colcon.colcon_core.shell:create_environment_hook('mecheye_ros_interface', 'ld_library_path_lib')
[95.576s] INFO:colcon.colcon_core.shell:Creating environment hook '/home/inauenma/git/mecheye_ros2_interface/install/mecheye_ros_interface/share/mecheye_ros_interface/hook/ld_library_path_lib.ps1'
[95.576s] INFO:colcon.colcon_core.shell:Creating environment descriptor '/home/inauenma/git/mecheye_ros2_interface/install/mecheye_ros_interface/share/mecheye_ros_interface/hook/ld_library_path_lib.dsv'
[95.577s] INFO:colcon.colcon_core.shell:Creating environment hook '/home/inauenma/git/mecheye_ros2_interface/install/mecheye_ros_interface/share/mecheye_ros_interface/hook/ld_library_path_lib.sh'
[95.577s] Level 1:colcon.colcon_core.environment:checking '/home/inauenma/git/mecheye_ros2_interface/install/mecheye_ros_interface/bin'
[95.577s] Level 1:colcon.colcon_core.environment:checking '/home/inauenma/git/mecheye_ros2_interface/install/mecheye_ros_interface/lib/pkgconfig/mecheye_ros_interface.pc'
[95.578s] Level 1:colcon.colcon_core.environment:checking '/home/inauenma/git/mecheye_ros2_interface/install/mecheye_ros_interface/lib/python3.12/site-packages'
[95.578s] Level 1:colcon.colcon_core.shell:create_environment_hook('mecheye_ros_interface', 'pythonpath')
[95.578s] INFO:colcon.colcon_core.shell:Creating environment hook '/home/inauenma/git/mecheye_ros2_interface/install/mecheye_ros_interface/share/mecheye_ros_interface/hook/pythonpath.ps1'
[95.579s] INFO:colcon.colcon_core.shell:Creating environment descriptor '/home/inauenma/git/mecheye_ros2_interface/install/mecheye_ros_interface/share/mecheye_ros_interface/hook/pythonpath.dsv'
[95.579s] INFO:colcon.colcon_core.shell:Creating environment hook '/home/inauenma/git/mecheye_ros2_interface/install/mecheye_ros_interface/share/mecheye_ros_interface/hook/pythonpath.sh'
[95.580s] Level 1:colcon.colcon_core.environment:checking '/home/inauenma/git/mecheye_ros2_interface/install/mecheye_ros_interface/bin'
[95.580s] INFO:colcon.colcon_core.shell:Creating package script '/home/inauenma/git/mecheye_ros2_interface/install/mecheye_ros_interface/share/mecheye_ros_interface/package.ps1'
[95.580s] INFO:colcon.colcon_core.shell:Creating package descriptor '/home/inauenma/git/mecheye_ros2_interface/install/mecheye_ros_interface/share/mecheye_ros_interface/package.dsv'
[95.581s] INFO:colcon.colcon_core.shell:Creating package script '/home/inauenma/git/mecheye_ros2_interface/install/mecheye_ros_interface/share/mecheye_ros_interface/package.sh'
[95.581s] INFO:colcon.colcon_core.shell:Creating package script '/home/inauenma/git/mecheye_ros2_interface/install/mecheye_ros_interface/share/mecheye_ros_interface/package.bash'
[95.582s] INFO:colcon.colcon_core.shell:Creating package script '/home/inauenma/git/mecheye_ros2_interface/install/mecheye_ros_interface/share/mecheye_ros_interface/package.zsh'
[95.582s] Level 1:colcon.colcon_core.environment:create_file_with_runtime_dependencies(/home/inauenma/git/mecheye_ros2_interface/install/mecheye_ros_interface/share/colcon-core/packages/mecheye_ros_interface)
[95.583s] DEBUG:colcon.colcon_parallel_executor.executor.parallel:closing loop
[95.583s] DEBUG:colcon.colcon_parallel_executor.executor.parallel:loop closed
[95.583s] DEBUG:colcon.colcon_parallel_executor.executor.parallel:run_until_complete finished with '0'
[95.584s] DEBUG:colcon.colcon_core.event_reactor:joining thread
[95.626s] INFO:colcon.colcon_core.plugin_system:Skipping extension 'colcon_notification.desktop_notification.notify_send': Could not find 'notify-send'
[95.626s] INFO:colcon.colcon_core.plugin_system:Skipping extension 'colcon_notification.desktop_notification.terminal_notifier': Not used on non-Darwin systems
[95.626s] INFO:colcon.colcon_core.plugin_system:Skipping extension 'colcon_notification.desktop_notification.win32': Not used on non-Windows systems
[95.626s] INFO:colcon.colcon_notification.desktop_notification:Sending desktop notification using 'notify2'
[95.628s] DEBUG:colcon.colcon_notification.desktop_notification.notify2:Failed to initialize notify2: org.freedesktop.DBus.Error.ServiceUnknown: The name org.freedesktop.Notifications was not provided by any .service files
[95.628s] DEBUG:colcon.colcon_core.event_reactor:joined thread
[95.629s] INFO:colcon.colcon_core.shell:Creating prefix script '/home/inauenma/git/mecheye_ros2_interface/install/local_setup.ps1'
[95.630s] INFO:colcon.colcon_core.shell:Creating prefix util module '/home/inauenma/git/mecheye_ros2_interface/install/_local_setup_util_ps1.py'
[95.630s] INFO:colcon.colcon_core.shell:Creating prefix chain script '/home/inauenma/git/mecheye_ros2_interface/install/setup.ps1'
[95.634s] INFO:colcon.colcon_core.shell:Creating prefix script '/home/inauenma/git/mecheye_ros2_interface/install/local_setup.sh'
[95.634s] INFO:colcon.colcon_core.shell:Creating prefix util module '/home/inauenma/git/mecheye_ros2_interface/install/_local_setup_util_sh.py'
[95.652s] INFO:colcon.colcon_core.shell:Creating prefix chain script '/home/inauenma/git/mecheye_ros2_interface/install/setup.sh'
[95.655s] INFO:colcon.colcon_core.shell:Creating prefix script '/home/inauenma/git/mecheye_ros2_interface/install/local_setup.bash'
[95.655s] INFO:colcon.colcon_core.shell:Creating prefix chain script '/home/inauenma/git/mecheye_ros2_interface/install/setup.bash'
[95.658s] INFO:colcon.colcon_core.shell:Creating prefix script '/home/inauenma/git/mecheye_ros2_interface/install/local_setup.zsh'
[95.658s] INFO:colcon.colcon_core.shell:Creating prefix chain script '/home/inauenma/git/mecheye_ros2_interface/install/setup.zsh'
